core           INFO 	Loading data for Australian Grand Prix - Race [v3.8.3]
req            INFO 	No cached data found for session_info. Loading data...
_api           INFO 	Fetching session info data...
req            INFO 	Data has been written to cache!
req            INFO 	No cached data found for driver_info. Loading data...
_api           INFO 	Fetching driver list...
req            INFO 	Data has been written to cache!
req            INFO 	No cached data found for session_status_data. Loading data...
_api           INFO 	Fetching session status data...
req            INFO 	Data has been written to cache!
req            INFO 	No cached data found for lap_count. Loading data...
_api           INFO 	Fetching lap count data...
req            INFO 	Data has been written to cache!
req            INFO 	No cached data found for track_status_data. Loading data...
_api           INFO 	Fetching track status data...
req            INFO 	Data has been written to cache!
req            INFO 	No cached data found for _extended_timing_data. Loading data...
_api           INFO 	Fetching timing data...
_api           INFO 	Parsing timing data...
req            INFO 	Data has been written to cache!
req            INFO 	No cached data found for timing_app_data. Loading data...
_api           INFO 	Fetching timing app data...
req            INFO 	Data has been written to cache!
core           INFO 	Processing timing data...
core        WARNING 	Fixed incorrect tyre stint information for driver '87'
core        WARNING 	Fixed incorrect tyre stint information for driver '30'
core        WARNING 	Fixed incorrect tyre stint information for driver '5'
core        WARNING 	Driver 4 completed the race distance 00:00.022000 before the recorded end of the session.
req            INFO 	No cached data found for car_data. Loading data...
_api           INFO 	Fetching car data...
_api           INFO 	Parsing car data...
req            INFO 	Data has been written to cache!
req            INFO 	No cached data found for position_data. Loading data...
_api           INFO 	Fetching position data...
_api           INFO 	Parsing position data...
_api        WARNING 	Driver 241: Position data is incomplete!
_api        WARNING 	Driver 242: Position data is incomplete!
_api        WARNING 	Driver 243: Position data is incomplete!
req            INFO 	Data has been written to cache!
req            INFO 	No cached data found for weather_data. Loading data...
_api           INFO 	Fetching weather data...
req            INFO 	Data has been written to cache!
core           INFO 	Finished loading data for 20 drivers: ['4', '1', '63', '12', '23', '18', '27', '16', '81', '44', '10', '22', '31', '87', '30', '5', '14', '55', '7', '6']
core           INFO 	Loading data for Chinese Grand Prix - Race [v3.8.3]
req            INFO 	No cached data found for session_info. Loading data...
_api           INFO 	Fetching session info data...
req            INFO 	Data has been written to cache!
req            INFO 	No cached data found for driver_info. Loading data...
_api           INFO 	Fetching driver list...
req            INFO 	Data has been written to cache!
req            INFO 	No cached data found for session_status_data. Loading data...
_api           INFO 	Fetching session status data...
req            INFO 	Data has been written to cache!
req            INFO 	No cached data found for lap_count. Loading data...
_api           INFO 	Fetching lap count data...
req            INFO 	Data has been written to cache!
req            INFO 	No cached data found for track_status_data. Loading data...
_api           INFO 	Fetching track status data...
req            INFO 	Data has been written to cache!
req            INFO 	No cached data found for _extended_timing_data. Loading data...
_api           INFO 	Fetching timing data...
_api           INFO 	Parsing timing data...
req            INFO 	Data has been written to cache!
req            INFO 	No cached data found for timing_app_data. Loading data...
_api           INFO 	Fetching timing app data...
req            INFO 	Data has been written to cache!
core           INFO 	Processing timing data...
req            INFO 	No cached data found for car_data. Loading data...
_api           INFO 	Fetching car data...
_api           INFO 	Parsing car data...
req            INFO 	Data has been written to cache!
req            INFO 	No cached data found for position_data. Loading data...
_api           INFO 	Fetching position data...
_api           INFO 	Parsing position data...
req            INFO 	Data has been written to cache!
req            INFO 	No cached data found for weather_data. Loading data...
_api           INFO 	Fetching weather data...
req            INFO 	Data has been written to cache!
core           INFO 	Finished loading data for 20 drivers: ['81', '4', '63', '1', '31', '12', '23', '87', '18', '55', '6', '30', '7', '5', '27', '22', '14', '16', '44', '10']
core           INFO 	Loading data for Japanese Grand Prix - Race [v3.8.3]
req            INFO 	No cached data found for session_info. Loading data...
_api           INFO 	Fetching session info data...
req            INFO 	Data has been written to cache!
req            INFO 	No cached data found for driver_info. Loading data...
_api           INFO 	Fetching driver list...
req            INFO 	Data has been written to cache!
req            INFO 	No cached data found for session_status_data. Loading data...
_api           INFO 	Fetching session status data...
req            INFO 	Data has been written to cache!
req            INFO 	No cached data found for lap_count. Loading data...
_api           INFO 	Fetching lap count data...
req            INFO 	Data has been written to cache!
req            INFO 	No cached data found for track_status_data. Loading data...
_api           INFO 	Fetching track status data...
req            INFO 	Data has been written to cache!
req            INFO 	No cached data found for _extended_timing_data. Loading data...
_api           INFO 	Fetching timing data...
_api           INFO 	Parsing timing data...
req            INFO 	Data has been written to cache!
req            INFO 	No cached data found for timing_app_data. Loading data...
_api           INFO 	Fetching timing app data...
req            INFO 	Data has been written to cache!
core           INFO 	Processing timing data...
req            INFO 	No cached data found for car_data. Loading data...
_api           INFO 	Fetching car data...
_api           INFO 	Parsing car data...
req            INFO 	Data has been written to cache!
req            INFO 	No cached data found for position_data. Loading data...
_api           INFO 	Fetching position data...
_api           INFO 	Parsing position data...
req            INFO 	Data has been written to cache!
req            INFO 	No cached data found for weather_data. Loading data...
_api           INFO 	Fetching weather data...
req            INFO 	Data has been written to cache!
core           INFO 	Finished loading data for 20 drivers: ['1', '4', '81', '16', '63', '12', '44', '6', '23', '87', '14', '22', '10', '55', '7', '27', '30', '31', '5', '18']
core           INFO 	Loading data for Bahrain Grand Prix - Race [v3.8.3]
req            INFO 	No cached data found for session_info. Loading data...
_api           INFO 	Fetching session info data...
req            INFO 	Data has been written to cache!
req            INFO 	No cached data found for driver_info. Loading data...
_api           INFO 	Fetching driver list...
req            INFO 	Data has been written to cache!
req            INFO 	No cached data found for session_status_data. Loading data...
_api           INFO 	Fetching session status data...
req            INFO 	Data has been written to cache!
req            INFO 	No cached data found for lap_count. Loading data...
_api           INFO 	Fetching lap count data...
req            INFO 	Data has been written to cache!
req            INFO 	No cached data found for track_status_data. Loading data...
_api           INFO 	Fetching track status data...
req            INFO 	Data has been written to cache!
req            INFO 	No cached data found for _extended_timing_data. Loading data...
_api           INFO 	Fetching timing data...
_api           INFO 	Parsing timing data...
req            INFO 	Data has been written to cache!
req            INFO 	No cached data found for timing_app_data. Loading data...
_api           INFO 	Fetching timing app data...
req            INFO 	Data has been written to cache!
core           INFO 	Processing timing data...
req            INFO 	No cached data found for car_data. Loading data...
_api           INFO 	Fetching car data...
_api           INFO 	Parsing car data...
_api        WARNING 	Driver  2: Car data is incomplete!
_api        WARNING 	Driver  3: Car data is incomplete!
_api        WARNING 	Driver  8: Car data is incomplete!
_api        WARNING 	Driver  9: Car data is incomplete!
_api        WARNING 	Driver 11: Car data is incomplete!
_api        WARNING 	Driver 15: Car data is incomplete!
_api        WARNING 	Driver 17: Car data is incomplete!
_api        WARNING 	Driver 19: Car data is incomplete!
_api        WARNING 	Driver 20: Car data is incomplete!
_api        WARNING 	Driver 21: Car data is incomplete!
_api        WARNING 	Driver 24: Car data is incomplete!
_api        WARNING 	Driver 25: Car data is incomplete!
_api        WARNING 	Driver 26: Car data is incomplete!
_api        WARNING 	Driver 28: Car data is incomplete!
_api        WARNING 	Driver 29: Car data is incomplete!
_api        WARNING 	Driver 44: Car data is incomplete!
_api        WARNING 	Driver 55: Car data is incomplete!
_api        WARNING 	Driver 63: Car data is incomplete!
_api        WARNING 	Driver 81: Car data is incomplete!
_api        WARNING 	Driver 87: Car data is incomplete!
req            INFO 	Data has been written to cache!
req            INFO 	No cached data found for position_data. Loading data...
_api           INFO 	Fetching position data...
_api           INFO 	Parsing position data...
_api        WARNING 	Driver  1: Position data is incomplete!
_api        WARNING 	Driver  2: Position data is incomplete!
_api        WARNING 	Driver  3: Position data is incomplete!
_api        WARNING 	Driver  4: Position data is incomplete!
_api        WARNING 	Driver  5: Position data is incomplete!
_api        WARNING 	Driver  6: Position data is incomplete!
_api        WARNING 	Driver  7: Position data is incomplete!
_api        WARNING 	Driver  8: Position data is incomplete!
_api        WARNING 	Driver  9: Position data is incomplete!
_api        WARNING 	Driver 10: Position data is incomplete!
_api        WARNING 	Driver 11: Position data is incomplete!
_api        WARNING 	Driver 12: Position data is incomplete!
_api        WARNING 	Driver 14: Position data is incomplete!
_api        WARNING 	Driver 15: Position data is incomplete!
_api        WARNING 	Driver 16: Position data is incomplete!
_api        WARNING 	Driver 17: Position data is incomplete!
_api        WARNING 	Driver 18: Position data is incomplete!
_api        WARNING 	Driver 19: Position data is incomplete!
_api        WARNING 	Driver 20: Position data is incomplete!
_api        WARNING 	Driver 21: Position data is incomplete!
_api        WARNING 	Driver 22: Position data is incomplete!
_api        WARNING 	Driver 23: Position data is incomplete!
_api        WARNING 	Driver 24: Position data is incomplete!
_api        WARNING 	Driver 25: Position data is incomplete!
_api        WARNING 	Driver 26: Position data is incomplete!
_api        WARNING 	Driver 27: Position data is incomplete!
_api        WARNING 	Driver 28: Position data is incomplete!
_api        WARNING 	Driver 29: Position data is incomplete!
_api        WARNING 	Driver 44: Position data is incomplete!
_api        WARNING 	Driver 55: Position data is incomplete!
_api        WARNING 	Driver 63: Position data is incomplete!
_api        WARNING 	Driver 81: Position data is incomplete!
_api        WARNING 	Driver 87: Position data is incomplete!
_api        WARNING 	Driver 241: Position data is incomplete!
_api        WARNING 	Driver 242: Position data is incomplete!
_api        WARNING 	Driver 243: Position data is incomplete!
req            INFO 	Data has been written to cache!
req            INFO 	No cached data found for weather_data. Loading data...
_api           INFO 	Fetching weather data...
req            INFO 	Data has been written to cache!
core           INFO 	Finished loading data for 20 drivers: ['81', '63', '4', '16', '44', '1', '10', '31', '22', '87', '12', '23', '6', '7', '14', '30', '18', '5', '55', '27']
core           INFO 	Loading data for Saudi Arabian Grand Prix - Race [v3.8.3]
req            INFO 	No cached data found for session_info. Loading data...
_api           INFO 	Fetching session info data...
req            INFO 	Data has been written to cache!
req            INFO 	No cached data found for driver_info. Loading data...
_api           INFO 	Fetching driver list...
req            INFO 	Data has been written to cache!
req            INFO 	No cached data found for session_status_data. Loading data...
_api           INFO 	Fetching session status data...
req            INFO 	Data has been written to cache!
req            INFO 	No cached data found for lap_count. Loading data...
_api           INFO 	Fetching lap count data...
req            INFO 	Data has been written to cache!
req            INFO 	No cached data found for track_status_data. Loading data...
_api           INFO 	Fetching track status data...
req            INFO 	Data has been written to cache!
req            INFO 	No cached data found for _extended_timing_data. Loading data...
_api           INFO 	Fetching timing data...
_api           INFO 	Parsing timing data...
_api        WARNING 	Failed to align laps for drivers: ['22']
req            INFO 	Data has been written to cache!
req            INFO 	No cached data found for timing_app_data. Loading data...
_api           INFO 	Fetching timing app data...
req            INFO 	Data has been written to cache!
core           INFO 	Processing timing data...
req            INFO 	No cached data found for car_data. Loading data...
_api           INFO 	Fetching car data...
_api           INFO 	Parsing car data...
req            INFO 	Data has been written to cache!
req            INFO 	No cached data found for position_data. Loading data...
_api           INFO 	Fetching position data...
_api           INFO 	Parsing position data...
_api        WARNING 	Driver 241: Position data is incomplete!
_api        WARNING 	Driver 242: Position data is incomplete!
_api        WARNING 	Driver 243: Position data is incomplete!
req            INFO 	Data has been written to cache!
req            INFO 	No cached data found for weather_data. Loading data...
_api           INFO 	Fetching weather data...
req            INFO 	Data has been written to cache!
core           INFO 	Finished loading data for 20 drivers: ['81', '1', '16', '4', '63', '12', '44', '55', '23', '6', '14', '30', '87', '31', '27', '18', '7', '5', '22', '10']
core           INFO 	Loading data for Miami Grand Prix - Race [v3.8.3]
req            INFO 	No cached data found for session_info. Loading data...
_api           INFO 	Fetching session info data...
req            INFO 	Data has been written to cache!
req            INFO 	No cached data found for driver_info. Loading data...
_api           INFO 	Fetching driver list...
req            INFO 	Data has been written to cache!
req            INFO 	No cached data found for session_status_data. Loading data...
_api           INFO 	Fetching session status data...
req            INFO 	Data has been written to cache!
req            INFO 	No cached data found for lap_count. Loading data...
_api           INFO 	Fetching lap count data...
req            INFO 	Data has been written to cache!
req            INFO 	No cached data found for track_status_data. Loading data...
_api           INFO 	Fetching track status data...
req            INFO 	Data has been written to cache!
req            INFO 	No cached data found for _extended_timing_data. Loading data...
_api           INFO 	Fetching timing data...
_api           INFO 	Parsing timing data...
req            INFO 	Data has been written to cache!
req            INFO 	No cached data found for timing_app_data. Loading data...
_api           INFO 	Fetching timing app data...
req            INFO 	Data has been written to cache!
core           INFO 	Processing timing data...
core        WARNING 	Driver 81 completed the race distance 00:00.036000 before the recorded end of the session.
req            INFO 	No cached data found for car_data. Loading data...
_api           INFO 	Fetching car data...
_api           INFO 	Parsing car data...
req            INFO 	Data has been written to cache!
req            INFO 	No cached data found for position_data. Loading data...
_api           INFO 	Fetching position data...
_api           INFO 	Parsing position data...
req            INFO 	Data has been written to cache!
req            INFO 	No cached data found for weather_data. Loading data...
_api           INFO 	Fetching weather data...
req            INFO 	Data has been written to cache!
core           INFO 	Finished loading data for 20 drivers: ['81', '4', '63', '1', '23', '12', '16', '44', '55', '22', '6', '31', '10', '27', '14', '18', '30', '5', '87', '7']
core           INFO 	Loading data for Emilia Romagna Grand Prix - Race [v3.8.3]
req            INFO 	No cached data found for session_info. Loading data...
_api           INFO 	Fetching session info data...
req            INFO 	Data has been written to cache!
req            INFO 	No cached data found for driver_info. Loading data...
_api           INFO 	Fetching driver list...
req            INFO 	Data has been written to cache!
req            INFO 	No cached data found for session_status_data. Loading data...
_api           INFO 	Fetching session status data...
req            INFO 	Data has been written to cache!
req            INFO 	No cached data found for lap_count. Loading data...
_api           INFO 	Fetching lap count data...
req            INFO 	Data has been written to cache!
req            INFO 	No cached data found for track_status_data. Loading data...
_api           INFO 	Fetching track status data...
req            INFO 	Data has been written to cache!
req            INFO 	No cached data found for _extended_timing_data. Loading data...
_api           INFO 	Fetching timing data...
_api           INFO 	Parsing timing data...
req            INFO 	Data has been written to cache!
req            INFO 	No cached data found for timing_app_data. Loading data...
_api           INFO 	Fetching timing app data...
req            INFO 	Data has been written to cache!
core           INFO 	Processing timing data...
req            INFO 	No cached data found for car_data. Loading data...
_api           INFO 	Fetching car data...
_api           INFO 	Parsing car data...
req            INFO 	Data has been written to cache!
req            INFO 	No cached data found for position_data. Loading data...
_api           INFO 	Fetching position data...
_api           INFO 	Parsing position data...
_api        WARNING 	Driver 241: Position data is incomplete!
_api        WARNING 	Driver 242: Position data is incomplete!
_api        WARNING 	Driver 243: Position data is incomplete!
req            INFO 	Data has been written to cache!
req            INFO 	No cached data found for weather_data. Loading data...
_api           INFO 	Fetching weather data...
req            INFO 	Data has been written to cache!
core           INFO 	Finished loading data for 20 drivers: ['1', '4', '81', '44', '23', '16', '63', '55', '6', '22', '14', '27', '10', '30', '18', '43', '87', '5', '12', '31']
core           INFO 	Loading data for Monaco Grand Prix - Race [v3.8.3]
req            INFO 	No cached data found for session_info. Loading data...
_api           INFO 	Fetching session info data...
req            INFO 	Data has been written to cache!
req            INFO 	No cached data found for driver_info. Loading data...
_api           INFO 	Fetching driver list...
req            INFO 	Data has been written to cache!
req            INFO 	No cached data found for session_status_data. Loading data...
_api           INFO 	Fetching session status data...
req            INFO 	Data has been written to cache!
req            INFO 	No cached data found for lap_count. Loading data...
_api           INFO 	Fetching lap count data...
req            INFO 	Data has been written to cache!
req            INFO 	No cached data found for track_status_data. Loading data...
_api           INFO 	Fetching track status data...
req            INFO 	Data has been written to cache!
req            INFO 	No cached data found for _extended_timing_data. Loading data...
_api           INFO 	Fetching timing data...
_api           INFO 	Parsing timing data...
req            INFO 	Data has been written to cache!
req            INFO 	No cached data found for timing_app_data. Loading data...
_api           INFO 	Fetching timing app data...
req            INFO 	Data has been written to cache!
core           INFO 	Processing timing data...
req            INFO 	No cached data found for car_data. Loading data...
_api           INFO 	Fetching car data...
_api           INFO 	Parsing car data...
req            INFO 	Data has been written to cache!
req            INFO 	No cached data found for position_data. Loading data...
_api           INFO 	Fetching position data...
_api           INFO 	Parsing position data...
req            INFO 	Data has been written to cache!
req            INFO 	No cached data found for weather_data. Loading data...
_api           INFO 	Fetching weather data...
req            INFO 	Data has been written to cache!
core           INFO 	Finished loading data for 20 drivers: ['4', '16', '81', '1', '44', '6', '31', '30', '23', '55', '63', '87', '43', '5', '18', '27', '22', '12', '14', '10']
core           INFO 	Loading data for Spanish Grand Prix - Race [v3.8.3]
req            INFO 	No cached data found for session_info. Loading data...
_api           INFO 	Fetching session info data...
req            INFO 	Data has been written to cache!
req            INFO 	No cached data found for driver_info. Loading data...
_api           INFO 	Fetching driver list...
req            INFO 	Data has been written to cache!
req            INFO 	No cached data found for session_status_data. Loading data...
_api           INFO 	Fetching session status data...
req            INFO 	Data has been written to cache!
req            INFO 	No cached data found for lap_count. Loading data...
_api           INFO 	Fetching lap count data...
req            INFO 	Data has been written to cache!
req            INFO 	No cached data found for track_status_data. Loading data...
_api           INFO 	Fetching track status data...
req            INFO 	Data has been written to cache!
req            INFO 	No cached data found for _extended_timing_data. Loading data...
_api           INFO 	Fetching timing data...
_api           INFO 	Parsing timing data...
req            INFO 	Data has been written to cache!
req            INFO 	No cached data found for timing_app_data. Loading data...
_api           INFO 	Fetching timing app data...
req            INFO 	Data has been written to cache!
core           INFO 	Processing timing data...
req            INFO 	No cached data found for car_data. Loading data...
_api           INFO 	Fetching car data...
_api           INFO 	Parsing car data...
req            INFO 	Data has been written to cache!
req            INFO 	No cached data found for position_data. Loading data...
_api           INFO 	Fetching position data...
_api           INFO 	Parsing position data...
_api        WARNING 	Driver 241: Position data is incomplete!
_api        WARNING 	Driver 242: Position data is incomplete!
_api        WARNING 	Driver 243: Position data is incomplete!
req            INFO 	Data has been written to cache!
req            INFO 	No cached data found for weather_data. Loading data...
_api           INFO 	Fetching weather data...
req            INFO 	Data has been written to cache!
core           INFO 	Finished loading data for 19 drivers: ['81', '4', '16', '63', '27', '44', '6', '10', '14', '1', '30', '5', '22', '55', '43', '31', '87', '12', '23']
core           INFO 	Loading data for Canadian Grand Prix - Race [v3.8.3]
req            INFO 	No cached data found for session_info. Loading data...
_api           INFO 	Fetching session info data...
req            INFO 	Data has been written to cache!
req            INFO 	No cached data found for driver_info. Loading data...
_api           INFO 	Fetching driver list...
req            INFO 	Data has been written to cache!
req            INFO 	No cached data found for session_status_data. Loading data...
_api           INFO 	Fetching session status data...
req            INFO 	Data has been written to cache!
req            INFO 	No cached data found for lap_count. Loading data...
_api           INFO 	Fetching lap count data...
req            INFO 	Data has been written to cache!
req            INFO 	No cached data found for track_status_data. Loading data...
_api           INFO 	Fetching track status data...
req            INFO 	Data has been written to cache!
req            INFO 	No cached data found for _extended_timing_data. Loading data...
_api           INFO 	Fetching timing data...
_api           INFO 	Parsing timing data...
req            INFO 	Data has been written to cache!
req            INFO 	No cached data found for timing_app_data. Loading data...
_api           INFO 	Fetching timing app data...
req            INFO 	Data has been written to cache!
core           INFO 	Processing timing data...
req            INFO 	No cached data found for car_data. Loading data...
_api           INFO 	Fetching car data...
_api           INFO 	Parsing car data...
req            INFO 	Data has been written to cache!
req            INFO 	No cached data found for position_data. Loading data...
_api           INFO 	Fetching position data...
_api           INFO 	Parsing position data...
_api        WARNING 	Driver 241: Position data is incomplete!
_api        WARNING 	Driver 242: Position data is incomplete!
_api        WARNING 	Driver 243: Position data is incomplete!
req            INFO 	Data has been written to cache!
req            INFO 	No cached data found for weather_data. Loading data...
_api           INFO 	Fetching weather data...
req            INFO 	Data has been written to cache!
core           INFO 	Finished loading data for 20 drivers: ['63', '1', '12', '81', '16', '44', '14', '27', '31', '55', '87', '22', '43', '5', '10', '6', '18', '4', '30', '23']
core           INFO 	Loading data for Austrian Grand Prix - Race [v3.8.3]
req            INFO 	No cached data found for session_info. Loading data...
_api           INFO 	Fetching session info data...
req            INFO 	Data has been written to cache!
req            INFO 	No cached data found for driver_info. Loading data...
_api           INFO 	Fetching driver list...
req            INFO 	Data has been written to cache!
req            INFO 	No cached data found for session_status_data. Loading data...
_api           INFO 	Fetching session status data...
req            INFO 	Data has been written to cache!
req            INFO 	No cached data found for lap_count. Loading data...
_api           INFO 	Fetching lap count data...
req            INFO 	Data has been written to cache!
req            INFO 	No cached data found for track_status_data. Loading data...
_api           INFO 	Fetching track status data...
req            INFO 	Data has been written to cache!
req            INFO 	No cached data found for _extended_timing_data. Loading data...
_api           INFO 	Fetching timing data...
_api           INFO 	Parsing timing data...
req            INFO 	Data has been written to cache!
req            INFO 	No cached data found for timing_app_data. Loading data...
_api           INFO 	Fetching timing app data...
req            INFO 	Data has been written to cache!
core           INFO 	Processing timing data...
core        WARNING 	Failed to perform lap accuracy check - all laps marked as inaccurate (driver 55)
req            INFO 	No cached data found for car_data. Loading data...
_api           INFO 	Fetching car data...
_api           INFO 	Parsing car data...
req            INFO 	Data has been written to cache!
req            INFO 	No cached data found for position_data. Loading data...
_api           INFO 	Fetching position data...
_api           INFO 	Parsing position data...
_api        WARNING 	Driver 241: Position data is incomplete!
_api        WARNING 	Driver 242: Position data is incomplete!
_api        WARNING 	Driver 243: Position data is incomplete!
req            INFO 	Data has been written to cache!
req            INFO 	No cached data found for weather_data. Loading data...
_api           INFO 	Fetching weather data...
req            INFO 	Data has been written to cache!
core           INFO 	Finished loading data for 20 drivers: ['4', '81', '16', '44', '63', '30', '14', '5', '27', '31', '87', '6', '10', '18', '43', '22', '23', '1', '12', '55']
core           INFO 	Loading data for British Grand Prix - Race [v3.8.3]
req            INFO 	No cached data found for session_info. Loading data...
_api           INFO 	Fetching session info data...
req            INFO 	Data has been written to cache!
req            INFO 	No cached data found for driver_info. Loading data...
_api           INFO 	Fetching driver list...
req            INFO 	Data has been written to cache!
req            INFO 	No cached data found for session_status_data. Loading data...
_api           INFO 	Fetching session status data...
req            INFO 	Data has been written to cache!
req            INFO 	No cached data found for lap_count. Loading data...
_api           INFO 	Fetching lap count data...
req            INFO 	Data has been written to cache!
req            INFO 	No cached data found for track_status_data. Loading data...
_api           INFO 	Fetching track status data...
req            INFO 	Data has been written to cache!
req            INFO 	No cached data found for _extended_timing_data. Loading data...
_api           INFO 	Fetching timing data...
_api           INFO 	Parsing timing data...
req            INFO 	Data has been written to cache!
req            INFO 	No cached data found for timing_app_data. Loading data...
_api           INFO 	Fetching timing app data...
req            INFO 	Data has been written to cache!
core           INFO 	Processing timing data...
core        WARNING 	Failed to perform lap accuracy check - all laps marked as inaccurate (driver 43)
req            INFO 	No cached data found for car_data. Loading data...
_api           INFO 	Fetching car data...
_api           INFO 	Parsing car data...
req            INFO 	Data has been written to cache!
req            INFO 	No cached data found for position_data. Loading data...
_api           INFO 	Fetching position data...
_api           INFO 	Parsing position data...
_api        WARNING 	Driver 30: Position data is incomplete!
_api        WARNING 	Driver 31: Position data is incomplete!
_api        WARNING 	Driver  2: Position data is incomplete!
_api        WARNING 	Driver  3: Position data is incomplete!
_api        WARNING 	Driver  7: Position data is incomplete!
_api        WARNING 	Driver  8: Position data is incomplete!
_api        WARNING 	Driver  9: Position data is incomplete!
_api        WARNING 	Driver 11: Position data is incomplete!
_api        WARNING 	Driver 15: Position data is incomplete!
_api        WARNING 	Driver 17: Position data is incomplete!
_api        WARNING 	Driver 19: Position data is incomplete!
_api        WARNING 	Driver 20: Position data is incomplete!
_api        WARNING 	Driver 21: Position data is incomplete!
_api        WARNING 	Driver 24: Position data is incomplete!
_api        WARNING 	Driver 25: Position data is incomplete!
_api        WARNING 	Driver 26: Position data is incomplete!
_api        WARNING 	Driver 28: Position data is incomplete!
_api        WARNING 	Driver 29: Position data is incomplete!
_api        WARNING 	Driver 43: Position data is incomplete!
_api        WARNING 	Driver 44: Position data is incomplete!
_api        WARNING 	Driver 55: Position data is incomplete!
_api        WARNING 	Driver 63: Position data is incomplete!
_api        WARNING 	Driver 81: Position data is incomplete!
_api        WARNING 	Driver 87: Position data is incomplete!
_api        WARNING 	Driver 241: Position data is incomplete!
_api        WARNING 	Driver 242: Position data is incomplete!
_api        WARNING 	Driver 243: Position data is incomplete!
req            INFO 	Data has been written to cache!
req            INFO 	No cached data found for weather_data. Loading data...
_api           INFO 	Fetching weather data...
req            INFO 	Data has been written to cache!
core           INFO 	Finished loading data for 20 drivers: ['4', '81', '27', '44', '1', '10', '18', '23', '14', '63', '87', '55', '31', '16', '22', '12', '6', '5', '30', '43']
core           INFO 	Loading data for Belgian Grand Prix - Race [v3.8.3]
req            INFO 	No cached data found for session_info. Loading data...
_api           INFO 	Fetching session info data...
req            INFO 	Data has been written to cache!
req            INFO 	No cached data found for driver_info. Loading data...
_api           INFO 	Fetching driver list...
req            INFO 	Data has been written to cache!
req            INFO 	No cached data found for session_status_data. Loading data...
_api           INFO 	Fetching session status data...
req            INFO 	Data has been written to cache!
req            INFO 	No cached data found for lap_count. Loading data...
_api           INFO 	Fetching lap count data...
req            INFO 	Data has been written to cache!
req            INFO 	No cached data found for track_status_data. Loading data...
_api           INFO 	Fetching track status data...
req            INFO 	Data has been written to cache!
req            INFO 	No cached data found for _extended_timing_data. Loading data...
_api           INFO 	Fetching timing data...
_api           INFO 	Parsing timing data...
req            INFO 	Data has been written to cache!
req            INFO 	No cached data found for timing_app_data. Loading data...
_api           INFO 	Fetching timing app data...
req            INFO 	Data has been written to cache!
core           INFO 	Processing timing data...
core        WARNING 	Fixed incorrect tyre stint information for driver '81'
core        WARNING 	Fixed incorrect tyre stint information for driver '4'
core        WARNING 	Fixed incorrect tyre stint information for driver '16'
core        WARNING 	Fixed incorrect tyre stint information for driver '1'
core        WARNING 	Fixed incorrect tyre stint information for driver '63'
core        WARNING 	Fixed incorrect tyre stint information for driver '23'
core        WARNING 	Fixed incorrect tyre stint information for driver '44'
core        WARNING 	Fixed incorrect tyre stint information for driver '30'
core        WARNING 	Fixed incorrect tyre stint information for driver '5'
core        WARNING 	Fixed incorrect tyre stint information for driver '10'
core        WARNING 	Fixed incorrect tyre stint information for driver '87'
core        WARNING 	Fixed incorrect tyre stint information for driver '27'
core        WARNING 	Fixed incorrect tyre stint information for driver '22'
core        WARNING 	Fixed incorrect tyre stint information for driver '18'
core        WARNING 	Fixed incorrect tyre stint information for driver '31'
core        WARNING 	Fixed incorrect tyre stint information for driver '12'
core        WARNING 	Fixed incorrect tyre stint information for driver '14'
core        WARNING 	Fixed incorrect tyre stint information for driver '55'
core        WARNING 	Fixed incorrect tyre stint information for driver '43'
core        WARNING 	Fixed incorrect tyre stint information for driver '6'
req            INFO 	No cached data found for car_data. Loading data...
_api           INFO 	Fetching car data...
_api           INFO 	Parsing car data...
req            INFO 	Data has been written to cache!
req            INFO 	No cached data found for position_data. Loading data...
_api           INFO 	Fetching position data...
_api           INFO 	Parsing position data...
_api        WARNING 	Driver 241: Position data is incomplete!
_api        WARNING 	Driver 242: Position data is incomplete!
_api        WARNING 	Driver 243: Position data is incomplete!
req            INFO 	Data has been written to cache!
req            INFO 	No cached data found for weather_data. Loading data...
_api           INFO 	Fetching weather data...
req            INFO 	Data has been written to cache!
core           INFO 	Finished loading data for 20 drivers: ['81', '4', '16', '1', '63', '23', '44', '30', '5', '10', '87', '27', '22', '18', '31', '12', '14', '55', '43', '6']
core           INFO 	Loading data for Hungarian Grand Prix - Race [v3.8.3]
req            INFO 	No cached data found for session_info. Loading data...
_api           INFO 	Fetching session info data...
req            INFO 	Data has been written to cache!
req            INFO 	No cached data found for driver_info. Loading data...
_api           INFO 	Fetching driver list...
req            INFO 	Data has been written to cache!
req            INFO 	No cached data found for session_status_data. Loading data...
_api           INFO 	Fetching session status data...
req            INFO 	Data has been written to cache!
req            INFO 	No cached data found for lap_count. Loading data...
_api           INFO 	Fetching lap count data...
req            INFO 	Data has been written to cache!
req            INFO 	No cached data found for track_status_data. Loading data...
_api           INFO 	Fetching track status data...
req            INFO 	Data has been written to cache!
req            INFO 	No cached data found for _extended_timing_data. Loading data...
_api           INFO 	Fetching timing data...
_api           INFO 	Parsing timing data...
req            INFO 	Data has been written to cache!
req            INFO 	No cached data found for timing_app_data. Loading data...
_api           INFO 	Fetching timing app data...
req            INFO 	Data has been written to cache!
core           INFO 	Processing timing data...
req            INFO 	No cached data found for car_data. Loading data...
_api           INFO 	Fetching car data...
_api           INFO 	Parsing car data...
req            INFO 	Data has been written to cache!
req            INFO 	No cached data found for position_data. Loading data...
_api           INFO 	Fetching position data...
_api           INFO 	Parsing position data...
req            INFO 	Data has been written to cache!
req            INFO 	No cached data found for weather_data. Loading data...
_api           INFO 	Fetching weather data...
req            INFO 	Data has been written to cache!
core           INFO 	Finished loading data for 20 drivers: ['4', '81', '63', '16', '14', '5', '18', '30', '1', '12', '6', '44', '27', '55', '23', '31', '22', '43', '10', '87']
core           INFO 	Loading data for Dutch Grand Prix - Race [v3.8.3]
req            INFO 	No cached data found for session_info. Loading data...
_api           INFO 	Fetching session info data...
req            INFO 	Data has been written to cache!
req            INFO 	No cached data found for driver_info. Loading data...
_api           INFO 	Fetching driver list...
req            INFO 	Data has been written to cache!
req            INFO 	No cached data found for session_status_data. Loading data...
_api           INFO 	Fetching session status data...
req            INFO 	Data has been written to cache!
req            INFO 	No cached data found for lap_count. Loading data...
_api           INFO 	Fetching lap count data...
req            INFO 	Data has been written to cache!
req            INFO 	No cached data found for track_status_data. Loading data...
_api           INFO 	Fetching track status data...
req            INFO 	Data has been written to cache!
req            INFO 	No cached data found for _extended_timing_data. Loading data...
_api           INFO 	Fetching timing data...
_api           INFO 	Parsing timing data...
req            INFO 	Data has been written to cache!
req            INFO 	No cached data found for timing_app_data. Loading data...
_api           INFO 	Fetching timing app data...
req            INFO 	Data has been written to cache!
core           INFO 	Processing timing data...
req            INFO 	No cached data found for car_data. Loading data...
_api           INFO 	Fetching car data...
_api           INFO 	Parsing car data...
req            INFO 	Data has been written to cache!
req            INFO 	No cached data found for position_data. Loading data...
_api           INFO 	Fetching position data...
_api           INFO 	Parsing position data...
_api        WARNING 	Driver 241: Position data is incomplete!
_api        WARNING 	Driver 242: Position data is incomplete!
_api        WARNING 	Driver 243: Position data is incomplete!
req            INFO 	Data has been written to cache!
req            INFO 	No cached data found for weather_data. Loading data...
_api           INFO 	Fetching weather data...
req            INFO 	Data has been written to cache!
core           INFO 	Finished loading data for 20 drivers: ['81', '1', '6', '63', '23', '87', '18', '14', '22', '31', '43', '30', '55', '27', '5', '12', '10', '4', '16', '44']
core           INFO 	Loading data for Italian Grand Prix - Race [v3.8.3]
req            INFO 	No cached data found for session_info. Loading data...
_api           INFO 	Fetching session info data...
req            INFO 	Data has been written to cache!
req            INFO 	No cached data found for driver_info. Loading data...
_api           INFO 	Fetching driver list...
req            INFO 	Data has been written to cache!
req            INFO 	No cached data found for session_status_data. Loading data...
_api           INFO 	Fetching session status data...
req            INFO 	Data has been written to cache!
req            INFO 	No cached data found for lap_count. Loading data...
_api           INFO 	Fetching lap count data...
req            INFO 	Data has been written to cache!
req            INFO 	No cached data found for track_status_data. Loading data...
_api           INFO 	Fetching track status data...
req            INFO 	Data has been written to cache!
req            INFO 	No cached data found for _extended_timing_data. Loading data...
_api           INFO 	Fetching timing data...
_api           INFO 	Parsing timing data...
req            INFO 	Data has been written to cache!
req            INFO 	No cached data found for timing_app_data. Loading data...
_api           INFO 	Fetching timing app data...
req            INFO 	Data has been written to cache!
core           INFO 	Processing timing data...
core        WARNING 	Failed to perform lap accuracy check - all laps marked as inaccurate (driver 27)
req            INFO 	No cached data found for car_data. Loading data...
_api           INFO 	Fetching car data...
_api           INFO 	Parsing car data...
req            INFO 	Data has been written to cache!
req            INFO 	No cached data found for position_data. Loading data...
_api           INFO 	Fetching position data...
_api           INFO 	Parsing position data...
req            INFO 	Data has been written to cache!
req            INFO 	No cached data found for weather_data. Loading data...
_api           INFO 	Fetching weather data...
req            INFO 	Data has been written to cache!
core           INFO 	Finished loading data for 20 drivers: ['1', '4', '81', '16', '63', '44', '23', '5', '12', '6', '55', '87', '22', '30', '31', '10', '43', '18', '14', '27']
core           INFO 	Loading data for Azerbaijan Grand Prix - Race [v3.8.3]
req            INFO 	No cached data found for session_info. Loading data...
_api           INFO 	Fetching session info data...
req            INFO 	Data has been written to cache!
req            INFO 	No cached data found for driver_info. Loading data...
_api           INFO 	Fetching driver list...
req            INFO 	Data has been written to cache!
req            INFO 	No cached data found for session_status_data. Loading data...
_api           INFO 	Fetching session status data...
req            INFO 	Data has been written to cache!
req            INFO 	No cached data found for lap_count. Loading data...
_api           INFO 	Fetching lap count data...
req            INFO 	Data has been written to cache!
req            INFO 	No cached data found for track_status_data. Loading data...
_api           INFO 	Fetching track status data...
req            INFO 	Data has been written to cache!
req            INFO 	No cached data found for _extended_timing_data. Loading data...
_api           INFO 	Fetching timing data...
_api           INFO 	Parsing timing data...
req            INFO 	Data has been written to cache!
req            INFO 	No cached data found for timing_app_data. Loading data...
_api           INFO 	Fetching timing app data...
req            INFO 	Data has been written to cache!
core           INFO 	Processing timing data...
core        WARNING 	Driver 1 completed the race distance 00:00.015000 before the recorded end of the session.
req            INFO 	No cached data found for car_data. Loading data...
_api           INFO 	Fetching car data...
_api           INFO 	Parsing car data...
req            INFO 	Data has been written to cache!
req            INFO 	No cached data found for position_data. Loading data...
_api           INFO 	Fetching position data...
_api           INFO 	Parsing position data...
_api        WARNING 	Driver  2: Position data is incomplete!
_api        WARNING 	Driver  3: Position data is incomplete!
_api        WARNING 	Driver  7: Position data is incomplete!
_api        WARNING 	Driver  8: Position data is incomplete!
_api        WARNING 	Driver  9: Position data is incomplete!
_api        WARNING 	Driver 11: Position data is incomplete!
_api        WARNING 	Driver 15: Position data is incomplete!
_api        WARNING 	Driver 17: Position data is incomplete!
_api        WARNING 	Driver 19: Position data is incomplete!
_api        WARNING 	Driver 20: Position data is incomplete!
_api        WARNING 	Driver 21: Position data is incomplete!
_api        WARNING 	Driver 24: Position data is incomplete!
_api        WARNING 	Driver 25: Position data is incomplete!
_api        WARNING 	Driver 26: Position data is incomplete!
_api        WARNING 	Driver 28: Position data is incomplete!
_api        WARNING 	Driver 29: Position data is incomplete!
_api        WARNING 	Driver 30: Position data is incomplete!
_api        WARNING 	Driver 31: Position data is incomplete!
_api        WARNING 	Driver 43: Position data is incomplete!
_api        WARNING 	Driver 44: Position data is incomplete!
_api        WARNING 	Driver 55: Position data is incomplete!
_api        WARNING 	Driver 63: Position data is incomplete!
_api        WARNING 	Driver 81: Position data is incomplete!
_api        WARNING 	Driver 87: Position data is incomplete!
_api        WARNING 	Driver 241: Position data is incomplete!
_api        WARNING 	Driver 242: Position data is incomplete!
_api        WARNING 	Driver 243: Position data is incomplete!
req            INFO 	Data has been written to cache!
req            INFO 	No cached data found for weather_data. Loading data...
_api           INFO 	Fetching weather data...
req            INFO 	Data has been written to cache!
core           INFO 	Finished loading data for 20 drivers: ['1', '63', '55', '12', '30', '22', '4', '44', '16', '6', '5', '87', '23', '31', '14', '27', '18', '10', '43', '81']
core           INFO 	Loading data for Singapore Grand Prix - Race [v3.8.3]
req            INFO 	No cached data found for session_info. Loading data...
_api           INFO 	Fetching session info data...
req            INFO 	Data has been written to cache!
req            INFO 	No cached data found for driver_info. Loading data...
_api           INFO 	Fetching driver list...
req            INFO 	Data has been written to cache!
req            INFO 	No cached data found for session_status_data. Loading data...
_api           INFO 	Fetching session status data...
req            INFO 	Data has been written to cache!
req            INFO 	No cached data found for lap_count. Loading data...
_api           INFO 	Fetching lap count data...
req            INFO 	Data has been written to cache!
req            INFO 	No cached data found for track_status_data. Loading data...
_api           INFO 	Fetching track status data...
req            INFO 	Data has been written to cache!
req            INFO 	No cached data found for _extended_timing_data. Loading data...
_api           INFO 	Fetching timing data...
_api           INFO 	Parsing timing data...
req            INFO 	Data has been written to cache!
req            INFO 	No cached data found for timing_app_data. Loading data...
_api           INFO 	Fetching timing app data...
req            INFO 	Data has been written to cache!
core           INFO 	Processing timing data...
req            INFO 	No cached data found for car_data. Loading data...
_api           INFO 	Fetching car data...
_api           INFO 	Parsing car data...
req            INFO 	Data has been written to cache!
req            INFO 	No cached data found for position_data. Loading data...
_api           INFO 	Fetching position data...
_api           INFO 	Parsing position data...
_api        WARNING 	Driver  3: Position data is incomplete!
_api        WARNING 	Driver 11: Position data is incomplete!
_api        WARNING 	Driver 20: Position data is incomplete!
_api        WARNING 	Driver 24: Position data is incomplete!
_api        WARNING 	Driver 77: Position data is incomplete!
_api        WARNING 	Driver  5: Position data is incomplete!
_api        WARNING 	Driver  6: Position data is incomplete!
_api        WARNING 	Driver 12: Position data is incomplete!
_api        WARNING 	Driver 30: Position data is incomplete!
_api        WARNING 	Driver 87: Position data is incomplete!
req            INFO 	Data has been written to cache!
req            INFO 	No cached data found for weather_data. Loading data...
_api           INFO 	Fetching weather data...
req            INFO 	Data has been written to cache!
core           INFO 	Finished loading data for 20 drivers: ['63', '1', '4', '81', '12', '16', '14', '44', '87', '55', '6', '22', '18', '23', '30', '43', '5', '31', '10', '27']
events      WARNING 	Correcting user input 'United States Grand Prix' to 'United States Grand Prix'
core           INFO 	Loading data for United States Grand Prix - Race [v3.8.3]
req            INFO 	No cached data found for session_info. Loading data...
_api           INFO 	Fetching session info data...
req            INFO 	Data has been written to cache!
req            INFO 	No cached data found for driver_info. Loading data...
_api           INFO 	Fetching driver list...
req            INFO 	Data has been written to cache!
req            INFO 	No cached data found for session_status_data. Loading data...
_api           INFO 	Fetching session status data...
req            INFO 	Data has been written to cache!
req            INFO 	No cached data found for lap_count. Loading data...
_api           INFO 	Fetching lap count data...
req            INFO 	Data has been written to cache!
req            INFO 	No cached data found for track_status_data. Loading data...
_api           INFO 	Fetching track status data...
req            INFO 	Data has been written to cache!
req            INFO 	No cached data found for _extended_timing_data. Loading data...
_api           INFO 	Fetching timing data...
_api           INFO 	Parsing timing data...
req            INFO 	Data has been written to cache!
req            INFO 	No cached data found for timing_app_data. Loading data...
_api           INFO 	Fetching timing app data...
req            INFO 	Data has been written to cache!
core           INFO 	Processing timing data...
req            INFO 	No cached data found for car_data. Loading data...
_api           INFO 	Fetching car data...
_api           INFO 	Parsing car data...
req            INFO 	Data has been written to cache!
req            INFO 	No cached data found for position_data. Loading data...
_api           INFO 	Fetching position data...
_api           INFO 	Parsing position data...
req            INFO 	Data has been written to cache!
req            INFO 	No cached data found for weather_data. Loading data...
_api           INFO 	Fetching weather data...
req            INFO 	Data has been written to cache!
core           INFO 	Finished loading data for 20 drivers: ['1', '4', '16', '44', '81', '63', '22', '27', '87', '14', '30', '18', '12', '23', '31', '6', '43', '5', '10', '55']
core           INFO 	Loading data for Mexico City Grand Prix - Race [v3.8.3]
req            INFO 	No cached data found for session_info. Loading data...
_api           INFO 	Fetching session info data...
req            INFO 	Data has been written to cache!
req            INFO 	No cached data found for driver_info. Loading data...
_api           INFO 	Fetching driver list...
req            INFO 	Data has been written to cache!
req            INFO 	No cached data found for session_status_data. Loading data...
_api           INFO 	Fetching session status data...
req            INFO 	Data has been written to cache!
req            INFO 	No cached data found for lap_count. Loading data...
_api           INFO 	Fetching lap count data...
req            INFO 	Data has been written to cache!
req            INFO 	No cached data found for track_status_data. Loading data...
_api           INFO 	Fetching track status data...
req            INFO 	Data has been written to cache!
req            INFO 	No cached data found for _extended_timing_data. Loading data...
_api           INFO 	Fetching timing data...
_api           INFO 	Parsing timing data...
req            INFO 	Data has been written to cache!
req            INFO 	No cached data found for timing_app_data. Loading data...
_api           INFO 	Fetching timing app data...
req            INFO 	Data has been written to cache!
core           INFO 	Processing timing data...
req            INFO 	No cached data found for car_data. Loading data...
_api           INFO 	Fetching car data...
_api           INFO 	Parsing car data...
req            INFO 	Data has been written to cache!
req            INFO 	No cached data found for position_data. Loading data...
_api           INFO 	Fetching position data...
_api           INFO 	Parsing position data...
req            INFO 	Data has been written to cache!
req            INFO 	No cached data found for weather_data. Loading data...
_api           INFO 	Fetching weather data...
req            INFO 	Data has been written to cache!
core           INFO 	Finished loading data for 20 drivers: ['4', '16', '1', '87', '81', '12', '63', '44', '31', '5', '22', '23', '6', '18', '10', '43', '55', '14', '27', '30']
core           INFO 	Loading data for São Paulo Grand Prix - Race [v3.8.3]
req            INFO 	No cached data found for session_info. Loading data...
_api           INFO 	Fetching session info data...
req            INFO 	Data has been written to cache!
req            INFO 	No cached data found for driver_info. Loading data...
_api           INFO 	Fetching driver list...
req            INFO 	Data has been written to cache!
req            INFO 	No cached data found for session_status_data. Loading data...
_api           INFO 	Fetching session status data...
req            INFO 	Data has been written to cache!
req            INFO 	No cached data found for lap_count. Loading data...
_api           INFO 	Fetching lap count data...
req            INFO 	Data has been written to cache!
req            INFO 	No cached data found for track_status_data. Loading data...
_api           INFO 	Fetching track status data...
req            INFO 	Data has been written to cache!
req            INFO 	No cached data found for _extended_timing_data. Loading data...
_api           INFO 	Fetching timing data...
_api           INFO 	Parsing timing data...
req            INFO 	Data has been written to cache!
req            INFO 	No cached data found for timing_app_data. Loading data...
_api           INFO 	Fetching timing app data...
req            INFO 	Data has been written to cache!
core           INFO 	Processing timing data...
core        WARNING 	Driver 4 completed the race distance 00:00.010000 before the recorded end of the session.
req            INFO 	No cached data found for car_data. Loading data...
_api           INFO 	Fetching car data...
_api           INFO 	Parsing car data...
req            INFO 	Data has been written to cache!
req            INFO 	No cached data found for position_data. Loading data...
_api           INFO 	Fetching position data...
_api           INFO 	Parsing position data...
_api        WARNING 	Driver 241: Position data is incomplete!
_api        WARNING 	Driver 242: Position data is incomplete!
_api        WARNING 	Driver 243: Position data is incomplete!
req            INFO 	Data has been written to cache!
req            INFO 	No cached data found for weather_data. Loading data...
_api           INFO 	Fetching weather data...
req            INFO 	Data has been written to cache!
core           INFO 	Finished loading data for 20 drivers: ['4', '12', '1', '63', '81', '87', '30', '6', '27', '10', '23', '31', '55', '14', '43', '18', '22', '44', '16', '5']
core           INFO 	Loading data for Las Vegas Grand Prix - Race [v3.8.3]
req            INFO 	No cached data found for session_info. Loading data...
_api           INFO 	Fetching session info data...
req            INFO 	Data has been written to cache!
req            INFO 	No cached data found for driver_info. Loading data...
_api           INFO 	Fetching driver list...
req            INFO 	Data has been written to cache!
req            INFO 	No cached data found for session_status_data. Loading data...
_api           INFO 	Fetching session status data...
req            INFO 	Data has been written to cache!
req            INFO 	No cached data found for lap_count. Loading data...
_api           INFO 	Fetching lap count data...
req            INFO 	Data has been written to cache!
req            INFO 	No cached data found for track_status_data. Loading data...
_api           INFO 	Fetching track status data...
req            INFO 	Data has been written to cache!
req            INFO 	No cached data found for _extended_timing_data. Loading data...
_api           INFO 	Fetching timing data...
_api           INFO 	Parsing timing data...
_api        WARNING 	Failed to align laps for drivers: ['5']
req            INFO 	Data has been written to cache!
req            INFO 	No cached data found for timing_app_data. Loading data...
_api           INFO 	Fetching timing app data...
req            INFO 	Data has been written to cache!
core           INFO 	Processing timing data...
core        WARNING 	Fixed incorrect tyre stint information for driver '63'
req            INFO 	No cached data found for car_data. Loading data...
_api           INFO 	Fetching car data...
_api           INFO 	Parsing car data...
_api        WARNING 	Driver 11: Car data is incomplete!
_api        WARNING 	Driver 20: Car data is incomplete!
_api        WARNING 	Driver 24: Car data is incomplete!
_api        WARNING 	Driver 77: Car data is incomplete!
_api        WARNING 	Driver  5: Car data is incomplete!
_api        WARNING 	Driver  6: Car data is incomplete!
_api        WARNING 	Driver 12: Car data is incomplete!
_api        WARNING 	Driver 87: Car data is incomplete!
req            INFO 	Data has been written to cache!
req            INFO 	No cached data found for position_data. Loading data...
_api           INFO 	Fetching position data...
_api           INFO 	Parsing position data...
_api        WARNING 	Driver 11: Position data is incomplete!
_api        WARNING 	Driver 20: Position data is incomplete!
_api        WARNING 	Driver 24: Position data is incomplete!
_api        WARNING 	Driver 77: Position data is incomplete!
_api        WARNING 	Driver  5: Position data is incomplete!
_api        WARNING 	Driver  6: Position data is incomplete!
_api        WARNING 	Driver 12: Position data is incomplete!
_api        WARNING 	Driver 87: Position data is incomplete!
req            INFO 	Data has been written to cache!
req            INFO 	No cached data found for weather_data. Loading data...
_api           INFO 	Fetching weather data...
req            INFO 	Data has been written to cache!
core           INFO 	Finished loading data for 20 drivers: ['1', '63', '12', '16', '55', '6', '27', '44', '31', '87', '14', '22', '10', '30', '43', '23', '5', '18', '4', '81']
events      WARNING 	Correcting user input 'Qatar Grand Prix' to 'Qatar Grand Prix'
core           INFO 	Loading data for Qatar Grand Prix - Race [v3.8.3]
req            INFO 	No cached data found for session_info. Loading data...
_api           INFO 	Fetching session info data...
req            INFO 	Data has been written to cache!
req            INFO 	No cached data found for driver_info. Loading data...
_api           INFO 	Fetching driver list...
req            INFO 	Data has been written to cache!
req            INFO 	No cached data found for session_status_data. Loading data...
_api           INFO 	Fetching session status data...
req            INFO 	Data has been written to cache!
req            INFO 	No cached data found for lap_count. Loading data...
_api           INFO 	Fetching lap count data...
req            INFO 	Data has been written to cache!
req            INFO 	No cached data found for track_status_data. Loading data...
_api           INFO 	Fetching track status data...
req            INFO 	Data has been written to cache!
req            INFO 	No cached data found for _extended_timing_data. Loading data...
_api           INFO 	Fetching timing data...
_api           INFO 	Parsing timing data...
req            INFO 	Data has been written to cache!
req            INFO 	No cached data found for timing_app_data. Loading data...
_api           INFO 	Fetching timing app data...
req            INFO 	Data has been written to cache!
core           INFO 	Processing timing data...
req            INFO 	No cached data found for car_data. Loading data...
_api           INFO 	Fetching car data...
_api           INFO 	Parsing car data...
req            INFO 	Data has been written to cache!
req            INFO 	No cached data found for position_data. Loading data...
_api           INFO 	Fetching position data...
_api           INFO 	Parsing position data...
_api        WARNING 	Driver 241: Position data is incomplete!
_api        WARNING 	Driver 242: Position data is incomplete!
_api        WARNING 	Driver 243: Position data is incomplete!
req            INFO 	Data has been written to cache!
req            INFO 	No cached data found for weather_data. Loading data...
_api           INFO 	Fetching weather data...
req            INFO 	Data has been written to cache!
core           INFO 	Finished loading data for 20 drivers: ['1', '81', '55', '4', '12', '63', '14', '16', '30', '22', '23', '44', '5', '43', '31', '10', '18', '6', '87', '27']
core           INFO 	Loading data for Abu Dhabi Grand Prix - Race [v3.8.3]
req            INFO 	No cached data found for session_info. Loading data...
_api           INFO 	Fetching session info data...
req            INFO 	Data has been written to cache!
req            INFO 	No cached data found for driver_info. Loading data...
_api           INFO 	Fetching driver list...
req            INFO 	Data has been written to cache!
req            INFO 	No cached data found for session_status_data. Loading data...
_api           INFO 	Fetching session status data...
req            INFO 	Data has been written to cache!
req            INFO 	No cached data found for lap_count. Loading data...
_api           INFO 	Fetching lap count data...
req            INFO 	Data has been written to cache!
req            INFO 	No cached data found for track_status_data. Loading data...
_api           INFO 	Fetching track status data...
req            INFO 	Data has been written to cache!
req            INFO 	No cached data found for _extended_timing_data. Loading data...
_api           INFO 	Fetching timing data...
_api           INFO 	Parsing timing data...
req            INFO 	Data has been written to cache!
req            INFO 	No cached data found for timing_app_data. Loading data...
_api           INFO 	Fetching timing app data...
req            INFO 	Data has been written to cache!
core           INFO 	Processing timing data...
req            INFO 	No cached data found for car_data. Loading data...
_api           INFO 	Fetching car data...
_api           INFO 	Parsing car data...
req            INFO 	Data has been written to cache!
req            INFO 	No cached data found for position_data. Loading data...
_api           INFO 	Fetching position data...
_api           INFO 	Parsing position data...
req            INFO 	Data has been written to cache!
req            INFO 	No cached data found for weather_data. Loading data...
_api           INFO 	Fetching weather data...
req            INFO 	Data has been written to cache!
core           INFO 	Finished loading data for 20 drivers: ['1', '81', '4', '16', '63', '14', '31', '44', '27', '18', '5', '87', '55', '22', '12', '23', '6', '30', '10', '43']
INFO: 24 carreras a procesar en 2025

INFO: --- Ingesta Australian Grand Prix 2025 · sesión R ---
SUCCESS: vueltas -> data/raw/2025\australian_grand_prix\R_laps.parquet (927 filas)
INFO: Extrayendo telemetría vuelta por vuelta...
SUCCESS: telemetría -> data/raw/2025\australian_grand_prix\R_telemetry.parquet (754313 filas)

INFO: --- Ingesta Chinese Grand Prix 2025 · sesión R ---
SUCCESS: vueltas -> data/raw/2025\chinese_grand_prix\R_laps.parquet (1065 filas)
INFO: Extrayendo telemetría vuelta por vuelta...
SUCCESS: telemetría -> data/raw/2025\chinese_grand_prix\R_telemetry.parquet (787702 filas)

INFO: --- Ingesta Japanese Grand Prix 2025 · sesión R ---
SUCCESS: vueltas -> data/raw/2025\japanese_grand_prix\R_laps.parquet (1059 filas)
INFO: Extrayendo telemetría vuelta por vuelta...
SUCCESS: telemetría -> data/raw/2025\japanese_grand_prix\R_telemetry.parquet (749686 filas)

INFO: --- Ingesta Bahrain Grand Prix 2025 · sesión R ---
SUCCESS: vueltas -> data/raw/2025\bahrain_grand_prix\R_laps.parquet (1128 filas)
INFO: Extrayendo telemetría vuelta por vuelta...
SUCCESS: telemetría -> data/raw/2025\bahrain_grand_prix\R_telemetry.parquet (864112 filas)

INFO: --- Ingesta Saudi Arabian Grand Prix 2025 · sesión R ---
SUCCESS: vueltas -> data/raw/2025\saudi_arabian_grand_prix\R_laps.parquet (898 filas)
INFO: Extrayendo telemetría vuelta por vuelta...
SUCCESS: telemetría -> data/raw/2025\saudi_arabian_grand_prix\R_telemetry.parquet (669956 filas)

INFO: --- Ingesta Miami Grand Prix 2025 · sesión R ---
SUCCESS: vueltas -> data/raw/2025\miami_grand_prix\R_laps.parquet (1005 filas)
INFO: Extrayendo telemetría vuelta por vuelta...
SUCCESS: telemetría -> data/raw/2025\miami_grand_prix\R_telemetry.parquet (720945 filas)

INFO: --- Ingesta Emilia Romagna Grand Prix 2025 · sesión R ---
SUCCESS: vueltas -> data/raw/2025\emilia_romagna_grand_prix\R_laps.parquet (1207 filas)
INFO: Extrayendo telemetría vuelta por vuelta...
SUCCESS: telemetría -> data/raw/2025\emilia_romagna_grand_prix\R_telemetry.parquet (794153 filas)

INFO: --- Ingesta Monaco Grand Prix 2025 · sesión R ---
SUCCESS: vueltas -> data/raw/2025\monaco_grand_prix\R_laps.parquet (1425 filas)
INFO: Extrayendo telemetría vuelta por vuelta...
SUCCESS: telemetría -> data/raw/2025\monaco_grand_prix\R_telemetry.parquet (850320 filas)

INFO: --- Ingesta Spanish Grand Prix 2025 · sesión R ---
SUCCESS: vueltas -> data/raw/2025\spanish_grand_prix\R_laps.parquet (1203 filas)
INFO: Extrayendo telemetría vuelta por vuelta...
SUCCESS: telemetría -> data/raw/2025\spanish_grand_prix\R_telemetry.parquet (770282 filas)

INFO: --- Ingesta Canadian Grand Prix 2025 · sesión R ---
SUCCESS: vueltas -> data/raw/2025\canadian_grand_prix\R_laps.parquet (1349 filas)
INFO: Extrayendo telemetría vuelta por vuelta...
SUCCESS: telemetría -> data/raw/2025\canadian_grand_prix\R_telemetry.parquet (805696 filas)

INFO: --- Ingesta Austrian Grand Prix 2025 · sesión R ---
ALERTA: austrian_grand_prix 2025 sin vueltas para ['SAI']
SUCCESS: vueltas -> data/raw/2025\austrian_grand_prix\R_laps.parquet (1126 filas)
INFO: Extrayendo telemetría vuelta por vuelta...
SUCCESS: telemetría -> data/raw/2025\austrian_grand_prix\R_telemetry.parquet (623839 filas)

INFO: --- Ingesta British Grand Prix 2025 · sesión R ---
ALERTA: british_grand_prix 2025 sin vueltas para ['COL']
SUCCESS: vueltas -> data/raw/2025\british_grand_prix\R_laps.parquet (825 filas)
INFO: Extrayendo telemetría vuelta por vuelta...
SUCCESS: telemetría -> data/raw/2025\british_grand_prix\R_telemetry.parquet (709412 filas)

INFO: --- Ingesta Belgian Grand Prix 2025 · sesión R ---
SUCCESS: vueltas -> data/raw/2025\belgian_grand_prix\R_laps.parquet (879 filas)
INFO: Extrayendo telemetría vuelta por vuelta...
SUCCESS: telemetría -> data/raw/2025\belgian_grand_prix\R_telemetry.parquet (780371 filas)

INFO: --- Ingesta Hungarian Grand Prix 2025 · sesión R ---
SUCCESS: vueltas -> data/raw/2025\hungarian_grand_prix\R_laps.parquet (1368 filas)
INFO: Extrayendo telemetría vuelta por vuelta...
SUCCESS: telemetría -> data/raw/2025\hungarian_grand_prix\R_telemetry.parquet (856901 filas)

INFO: --- Ingesta Dutch Grand Prix 2025 · sesión R ---
SUCCESS: vueltas -> data/raw/2025\dutch_grand_prix\R_laps.parquet (1364 filas)
INFO: Extrayendo telemetría vuelta por vuelta...
SUCCESS: telemetría -> data/raw/2025\dutch_grand_prix\R_telemetry.parquet (838756 filas)

INFO: --- Ingesta Italian Grand Prix 2025 · sesión R ---
ALERTA: italian_grand_prix 2025 sin vueltas para ['HUL']
SUCCESS: vueltas -> data/raw/2025\italian_grand_prix\R_laps.parquet (974 filas)
INFO: Extrayendo telemetría vuelta por vuelta...
SUCCESS: telemetría -> data/raw/2025\italian_grand_prix\R_telemetry.parquet (618625 filas)

INFO: --- Ingesta Azerbaijan Grand Prix 2025 · sesión R ---
SUCCESS: vueltas -> data/raw/2025\azerbaijan_grand_prix\R_laps.parquet (968 filas)
INFO: Extrayendo telemetría vuelta por vuelta...
SUCCESS: telemetría -> data/raw/2025\azerbaijan_grand_prix\R_telemetry.parquet (804780 filas)

INFO: --- Ingesta Singapore Grand Prix 2025 · sesión R ---
SUCCESS: vueltas -> data/raw/2025\singapore_grand_prix\R_laps.parquet (1229 filas)
INFO: Extrayendo telemetría vuelta por vuelta...
SUCCESS: telemetría -> data/raw/2025\singapore_grand_prix\R_telemetry.parquet (916489 filas)

INFO: --- Ingesta United States Grand Prix 2025 · sesión R ---
SUCCESS: vueltas -> data/raw/2025\united_states_grand_prix\R_laps.parquet (1067 filas)
INFO: Extrayendo telemetría vuelta por vuelta...
SUCCESS: telemetría -> data/raw/2025\united_states_grand_prix\R_telemetry.parquet (818828 filas)

INFO: --- Ingesta Mexico City Grand Prix 2025 · sesión R ---
SUCCESS: vueltas -> data/raw/2025\mexico_city_grand_prix\R_laps.parquet (1263 filas)
INFO: Extrayendo telemetría vuelta por vuelta...
SUCCESS: telemetría -> data/raw/2025\mexico_city_grand_prix\R_telemetry.parquet (795340 filas)

INFO: --- Ingesta São Paulo Grand Prix 2025 · sesión R ---
SUCCESS: vueltas -> data/raw/2025\são_paulo_grand_prix\R_laps.parquet (1251 filas)
INFO: Extrayendo telemetría vuelta por vuelta...
SUCCESS: telemetría -> data/raw/2025\são_paulo_grand_prix\R_telemetry.parquet (743882 filas)

INFO: --- Ingesta Las Vegas Grand Prix 2025 · sesión R ---
SUCCESS: vueltas -> data/raw/2025\las_vegas_grand_prix\R_laps.parquet (886 filas)
INFO: Extrayendo telemetría vuelta por vuelta...
SUCCESS: telemetría -> data/raw/2025\las_vegas_grand_prix\R_telemetry.parquet (664519 filas)

INFO: --- Ingesta Qatar Grand Prix 2025 · sesión R ---
SUCCESS: vueltas -> data/raw/2025\qatar_grand_prix\R_laps.parquet (1067 filas)
INFO: Extrayendo telemetría vuelta por vuelta...
SUCCESS: telemetría -> data/raw/2025\qatar_grand_prix\R_telemetry.parquet (721682 filas)

INFO: --- Ingesta Abu Dhabi Grand Prix 2025 · sesión R ---
SUCCESS: vueltas -> data/raw/2025\abu_dhabi_grand_prix\R_laps.parquet (1156 filas)
INFO: Extrayendo telemetría vuelta por vuelta...
SUCCESS: telemetría -> data/raw/2025\abu_dhabi_grand_prix\R_telemetry.parquet (784424 filas)
