core           INFO 	Loading data for Bahrain Grand Prix - Race [v3.8.3]
req            INFO 	Using cached data for session_info
req            INFO 	Using cached data for driver_info
req            INFO 	Using cached data for session_status_data
req            INFO 	Using cached data for lap_count
req            INFO 	Using cached data for track_status_data
req            INFO 	Using cached data for _extended_timing_data
req            INFO 	Using cached data for timing_app_data
core           INFO 	Processing timing data...
req            INFO 	Using cached data for car_data
req            INFO 	Using cached data for position_data
req            INFO 	Using cached data for weather_data
req            INFO 	No cached data found for race_control_messages. Loading data...
_api           INFO 	Fetching race control messages...
req            INFO 	Data has been written to cache!
core           INFO 	Finished loading data for 20 drivers: ['1', '11', '55', '16', '63', '4', '44', '81', '14', '18', '24', '20', '3', '22', '23', '27', '31', '10', '77', '2']
core           INFO 	Loading data for Saudi Arabian Grand Prix - Race [v3.8.3]
req            INFO 	Using cached data for session_info
req            INFO 	Using cached data for driver_info
req            INFO 	Using cached data for session_status_data
req            INFO 	Using cached data for lap_count
req            INFO 	Using cached data for track_status_data
req            INFO 	Using cached data for _extended_timing_data
req            INFO 	Using cached data for timing_app_data
core           INFO 	Processing timing data...
req            INFO 	Using cached data for car_data
req            INFO 	Using cached data for position_data
req            INFO 	Using cached data for weather_data
req            INFO 	No cached data found for race_control_messages. Loading data...
_api           INFO 	Fetching race control messages...
req            INFO 	Data has been written to cache!
core           INFO 	Finished loading data for 20 drivers: ['1', '11', '16', '81', '14', '63', '38', '4', '44', '27', '23', '20', '31', '2', '22', '3', '77', '24', '18', '10']
core           INFO 	Loading data for Australian Grand Prix - Race [v3.8.3]
req            INFO 	Using cached data for session_info
req            INFO 	Using cached data for driver_info
req            INFO 	Using cached data for session_status_data
req            INFO 	Using cached data for lap_count
req            INFO 	Using cached data for track_status_data
req            INFO 	Using cached data for _extended_timing_data
req            INFO 	Using cached data for timing_app_data
core           INFO 	Processing timing data...
req            INFO 	Using cached data for car_data
req            INFO 	Using cached data for position_data
req            INFO 	Using cached data for weather_data
req            INFO 	No cached data found for race_control_messages. Loading data...
_api           INFO 	Fetching race control messages...
req            INFO 	Data has been written to cache!
core           INFO 	Finished loading data for 19 drivers: ['55', '16', '4', '81', '11', '18', '22', '14', '27', '20', '23', '3', '10', '77', '24', '31', '63', '44', '1']
core           INFO 	Loading data for Japanese Grand Prix - Race [v3.8.3]
req            INFO 	Using cached data for session_info
req            INFO 	Using cached data for driver_info
req            INFO 	Using cached data for session_status_data
req            INFO 	Using cached data for lap_count
req            INFO 	Using cached data for track_status_data
req            INFO 	Using cached data for _extended_timing_data
req            INFO 	Using cached data for timing_app_data
core           INFO 	Processing timing data...
req            INFO 	Using cached data for car_data
req            INFO 	Using cached data for position_data
req            INFO 	Using cached data for weather_data
req            INFO 	No cached data found for race_control_messages. Loading data...
_api           INFO 	Fetching race control messages...
req            INFO 	Data has been written to cache!
core           INFO 	Finished loading data for 20 drivers: ['1', '11', '55', '16', '4', '14', '63', '81', '44', '22', '27', '18', '20', '77', '31', '10', '2', '24', '3', '23']
core           INFO 	Loading data for Chinese Grand Prix - Race [v3.8.3]
req            INFO 	Using cached data for session_info
req            INFO 	Using cached data for driver_info
req            INFO 	Using cached data for session_status_data
req            INFO 	Using cached data for lap_count
req            INFO 	Using cached data for track_status_data
req            INFO 	Using cached data for _extended_timing_data
req            INFO 	Using cached data for timing_app_data
core           INFO 	Processing timing data...
core        WARNING 	Driver 1 completed the race distance 00:08.313000 before the recorded end of the session.
req            INFO 	Using cached data for car_data
req            INFO 	Using cached data for position_data
req            INFO 	Using cached data for weather_data
req            INFO 	No cached data found for race_control_messages. Loading data...
_api           INFO 	Fetching race control messages...
req            INFO 	Data has been written to cache!
core           INFO 	Finished loading data for 20 drivers: ['1', '4', '11', '16', '55', '63', '14', '81', '44', '27', '31', '23', '10', '24', '18', '20', '2', '3', '22', '77']
core           INFO 	Loading data for Miami Grand Prix - Race [v3.8.3]
req            INFO 	Using cached data for session_info
req            INFO 	Using cached data for driver_info
req            INFO 	Using cached data for session_status_data
req            INFO 	Using cached data for lap_count
req            INFO 	Using cached data for track_status_data
req            INFO 	Using cached data for _extended_timing_data
req            INFO 	Using cached data for timing_app_data
core           INFO 	Processing timing data...
req            INFO 	Using cached data for car_data
req            INFO 	Using cached data for position_data
req            INFO 	Using cached data for weather_data
req            INFO 	No cached data found for race_control_messages. Loading data...
_api           INFO 	Fetching race control messages...
req            INFO 	Data has been written to cache!
core           INFO 	Finished loading data for 20 drivers: ['4', '1', '16', '11', '55', '44', '22', '63', '14', '31', '27', '10', '81', '24', '3', '77', '18', '23', '20', '2']
core           INFO 	Loading data for Emilia Romagna Grand Prix - Race [v3.8.3]
req            INFO 	Using cached data for session_info
req            INFO 	Using cached data for driver_info
req            INFO 	Using cached data for session_status_data
req            INFO 	Using cached data for lap_count
req            INFO 	Using cached data for track_status_data
req            INFO 	Using cached data for _extended_timing_data
req            INFO 	Using cached data for timing_app_data
core           INFO 	Processing timing data...
req            INFO 	Using cached data for car_data
req            INFO 	Using cached data for position_data
req            INFO 	Using cached data for weather_data
req            INFO 	No cached data found for race_control_messages. Loading data...
_api           INFO 	Fetching race control messages...
req            INFO 	Data has been written to cache!
core           INFO 	Finished loading data for 20 drivers: ['1', '4', '16', '81', '55', '44', '63', '11', '18', '22', '27', '20', '3', '31', '24', '10', '2', '77', '14', '23']
core           INFO 	Loading data for Monaco Grand Prix - Race [v3.8.3]
req            INFO 	Using cached data for session_info
req            INFO 	Using cached data for driver_info
req            INFO 	Using cached data for session_status_data
req            INFO 	Using cached data for lap_count
req            INFO 	Using cached data for track_status_data
req            INFO 	Using cached data for _extended_timing_data
req            INFO 	Using cached data for timing_app_data
core           INFO 	Processing timing data...
req            INFO 	Using cached data for car_data
req            INFO 	Using cached data for position_data
req            INFO 	Using cached data for weather_data
req            INFO 	No cached data found for race_control_messages. Loading data...
_api           INFO 	Fetching race control messages...
req            INFO 	Data has been written to cache!
core           INFO 	Finished loading data for 20 drivers: ['16', '81', '55', '4', '63', '1', '44', '22', '23', '10', '14', '3', '77', '18', '2', '24', '31', '11', '27', '20']
core           INFO 	Loading data for Canadian Grand Prix - Race [v3.8.3]
req            INFO 	Using cached data for session_info
req            INFO 	Using cached data for driver_info
req            INFO 	Using cached data for session_status_data
req            INFO 	Using cached data for lap_count
req            INFO 	Using cached data for track_status_data
req            INFO 	Using cached data for _extended_timing_data
req            INFO 	Using cached data for timing_app_data
core           INFO 	Processing timing data...
req            INFO 	Using cached data for car_data
req            INFO 	Using cached data for position_data
req            INFO 	Using cached data for weather_data
req            INFO 	No cached data found for race_control_messages. Loading data...
_api           INFO 	Fetching race control messages...
req            INFO 	Data has been written to cache!
core           INFO 	Finished loading data for 20 drivers: ['1', '4', '63', '44', '81', '14', '18', '3', '10', '31', '27', '20', '77', '22', '24', '55', '23', '11', '16', '2']
core           INFO 	Loading data for Spanish Grand Prix - Race [v3.8.3]
req            INFO 	Using cached data for session_info
req            INFO 	Using cached data for driver_info
req            INFO 	Using cached data for session_status_data
req            INFO 	Using cached data for lap_count
req            INFO 	Using cached data for track_status_data
req            INFO 	Using cached data for _extended_timing_data
req            INFO 	Using cached data for timing_app_data
core           INFO 	Processing timing data...
core        WARNING 	Driver 1 completed the race distance 00:00.015000 before the recorded end of the session.
req            INFO 	Using cached data for car_data
req            INFO 	Using cached data for position_data
req            INFO 	Using cached data for weather_data
req            INFO 	No cached data found for race_control_messages. Loading data...
_api           INFO 	Fetching race control messages...
req            INFO 	Data has been written to cache!
core           INFO 	Finished loading data for 20 drivers: ['1', '4', '44', '63', '16', '55', '81', '11', '10', '31', '27', '14', '24', '18', '3', '77', '20', '23', '22', '2']
core           INFO 	Loading data for Austrian Grand Prix - Race [v3.8.3]
req            INFO 	Using cached data for session_info
req            INFO 	Using cached data for driver_info
req            INFO 	Using cached data for session_status_data
req            INFO 	Using cached data for lap_count
req            INFO 	Using cached data for track_status_data
req            INFO 	Using cached data for _extended_timing_data
req            INFO 	Using cached data for timing_app_data
core           INFO 	Processing timing data...
req            INFO 	Using cached data for car_data
req            INFO 	Using cached data for position_data
req            INFO 	Using cached data for weather_data
req            INFO 	No cached data found for race_control_messages. Loading data...
_api           INFO 	Fetching race control messages...
req            INFO 	Data has been written to cache!
core           INFO 	Finished loading data for 20 drivers: ['63', '81', '55', '44', '1', '27', '11', '20', '3', '10', '16', '31', '18', '22', '23', '77', '24', '14', '2', '4']
core           INFO 	Loading data for British Grand Prix - Race [v3.8.3]
req            INFO 	Using cached data for session_info
req            INFO 	Using cached data for driver_info
req            INFO 	Using cached data for session_status_data
req            INFO 	Using cached data for lap_count
req            INFO 	Using cached data for track_status_data
req            INFO 	Using cached data for _extended_timing_data
req            INFO 	Using cached data for timing_app_data
core           INFO 	Processing timing data...
core        WARNING 	Failed to perform lap accuracy check - all laps marked as inaccurate (driver 10)
req            INFO 	Using cached data for car_data
req            INFO 	Using cached data for position_data
req            INFO 	Using cached data for weather_data
req            INFO 	Using cached data for race_control_messages
core           INFO 	Finished loading data for 20 drivers: ['44', '1', '4', '81', '55', '27', '18', '14', '23', '22', '2', '20', '3', '16', '77', '31', '11', '24', '63', '10']
core           INFO 	Loading data for Hungarian Grand Prix - Race [v3.8.3]
req            INFO 	Using cached data for session_info
req            INFO 	Using cached data for driver_info
req            INFO 	Using cached data for session_status_data
req            INFO 	Using cached data for lap_count
req            INFO 	Using cached data for track_status_data
req            INFO 	Using cached data for _extended_timing_data
req            INFO 	Using cached data for timing_app_data
core           INFO 	Processing timing data...
req            INFO 	Using cached data for car_data
req            INFO 	Using cached data for position_data
req            INFO 	Using cached data for weather_data
req            INFO 	No cached data found for race_control_messages. Loading data...
_api           INFO 	Fetching race control messages...
req            INFO 	Data has been written to cache!
core           INFO 	Finished loading data for 20 drivers: ['81', '4', '44', '16', '1', '55', '11', '63', '22', '18', '14', '3', '27', '23', '20', '77', '2', '31', '24', '10']
core           INFO 	Loading data for Belgian Grand Prix - Race [v3.8.3]
req            INFO 	Using cached data for session_info
req            INFO 	Using cached data for driver_info
req            INFO 	Using cached data for session_status_data
req            INFO 	Using cached data for lap_count
req            INFO 	Using cached data for track_status_data
req            INFO 	Using cached data for _extended_timing_data
req            INFO 	Using cached data for timing_app_data
core           INFO 	Processing timing data...
core        WARNING 	Fixed incorrect tyre stint information for driver '14'
core        WARNING 	Fixed incorrect tyre stint information for driver '3'
core        WARNING 	Fixed incorrect tyre stint information for driver '18'
core        WARNING 	Fixed incorrect tyre stint information for driver '22'
req            INFO 	Using cached data for car_data
req            INFO 	Using cached data for position_data
req            INFO 	Using cached data for weather_data
req            INFO 	No cached data found for race_control_messages. Loading data...
_api           INFO 	Fetching race control messages...
req            INFO 	Data has been written to cache!
core           INFO 	Finished loading data for 20 drivers: ['44', '81', '16', '1', '4', '55', '11', '14', '31', '3', '18', '23', '10', '20', '77', '22', '2', '27', '24', '63']
core           INFO 	Loading data for Dutch Grand Prix - Race [v3.8.3]
req            INFO 	Using cached data for session_info
req            INFO 	Using cached data for driver_info
req            INFO 	Using cached data for session_status_data
req            INFO 	Using cached data for lap_count
req            INFO 	Using cached data for track_status_data
req            INFO 	Using cached data for _extended_timing_data
req            INFO 	Using cached data for timing_app_data
core           INFO 	Processing timing data...
req            INFO 	Using cached data for car_data
req            INFO 	Using cached data for position_data
req            INFO 	Using cached data for weather_data
req            INFO 	No cached data found for race_control_messages. Loading data...
_api           INFO 	Fetching race control messages...
req            INFO 	Data has been written to cache!
core           INFO 	Finished loading data for 20 drivers: ['4', '1', '16', '81', '55', '11', '63', '44', '10', '14', '27', '3', '18', '23', '31', '2', '22', '20', '77', '24']
core           INFO 	Loading data for Italian Grand Prix - Race [v3.8.3]
req            INFO 	Using cached data for session_info
req            INFO 	Using cached data for driver_info
req            INFO 	Using cached data for session_status_data
req            INFO 	Using cached data for lap_count
req            INFO 	Using cached data for track_status_data
req            INFO 	Using cached data for _extended_timing_data
req            INFO 	Using cached data for timing_app_data
core           INFO 	Processing timing data...
req            INFO 	Using cached data for car_data
req            INFO 	Using cached data for position_data
req            INFO 	Using cached data for weather_data
req            INFO 	No cached data found for race_control_messages. Loading data...
_api           INFO 	Fetching race control messages...
req            INFO 	Data has been written to cache!
core           INFO 	Finished loading data for 20 drivers: ['16', '81', '4', '55', '44', '1', '63', '11', '23', '20', '14', '43', '3', '31', '10', '77', '27', '24', '18', '22']
core           INFO 	Loading data for Azerbaijan Grand Prix - Race [v3.8.3]
req            INFO 	Using cached data for session_info
req            INFO 	Using cached data for driver_info
req            INFO 	Using cached data for session_status_data
req            INFO 	Using cached data for lap_count
req            INFO 	Using cached data for track_status_data
req            INFO 	Using cached data for _extended_timing_data
req            INFO 	Using cached data for timing_app_data
core           INFO 	Processing timing data...
req            INFO 	Using cached data for car_data
req            INFO 	Using cached data for position_data
req            INFO 	Using cached data for weather_data
req            INFO 	No cached data found for race_control_messages. Loading data...
_api           INFO 	Fetching race control messages...
req            INFO 	Data has been written to cache!
core           INFO 	Finished loading data for 20 drivers: ['81', '16', '63', '4', '1', '14', '23', '43', '44', '50', '27', '10', '3', '24', '31', '77', '11', '55', '18', '22']
core           INFO 	Loading data for Singapore Grand Prix - Race [v3.8.3]
req            INFO 	Using cached data for session_info
req            INFO 	Using cached data for driver_info
req            INFO 	Using cached data for session_status_data
req            INFO 	Using cached data for lap_count
req            INFO 	Using cached data for track_status_data
req            INFO 	Using cached data for _extended_timing_data
req            INFO 	Using cached data for timing_app_data
core           INFO 	Processing timing data...
req            INFO 	Using cached data for car_data
req            INFO 	Using cached data for position_data
req            INFO 	Using cached data for weather_data
req            INFO 	No cached data found for race_control_messages. Loading data...
_api           INFO 	Fetching race control messages...
req            INFO 	Data has been written to cache!
core           INFO 	Finished loading data for 20 drivers: ['4', '1', '81', '63', '16', '44', '55', '14', '27', '11', '43', '22', '31', '18', '24', '77', '10', '3', '20', '23']
events      WARNING 	Correcting user input 'United States Grand Prix' to 'United States Grand Prix'
core           INFO 	Loading data for United States Grand Prix - Race [v3.8.3]
req            INFO 	Using cached data for session_info
req            INFO 	Using cached data for driver_info
req            INFO 	Using cached data for session_status_data
req            INFO 	Using cached data for lap_count
req            INFO 	Using cached data for track_status_data
req            INFO 	Using cached data for _extended_timing_data
req            INFO 	Using cached data for timing_app_data
core           INFO 	Processing timing data...
req            INFO 	Using cached data for car_data
req            INFO 	Using cached data for position_data
req            INFO 	Using cached data for weather_data
req            INFO 	No cached data found for race_control_messages. Loading data...
_api           INFO 	Fetching race control messages...
req            INFO 	Data has been written to cache!
core           INFO 	Finished loading data for 20 drivers: ['16', '55', '1', '4', '81', '63', '11', '27', '30', '43', '20', '10', '14', '22', '18', '23', '77', '31', '24', '44']
core           INFO 	Loading data for Mexico City Grand Prix - Race [v3.8.3]
req            INFO 	Using cached data for session_info
req            INFO 	Using cached data for driver_info
req            INFO 	Using cached data for session_status_data
req            INFO 	Using cached data for lap_count
req            INFO 	Using cached data for track_status_data
req            INFO 	Using cached data for _extended_timing_data
req            INFO 	Using cached data for timing_app_data
core           INFO 	Processing timing data...
req            INFO 	Using cached data for car_data
req            INFO 	Using cached data for position_data
req            INFO 	Using cached data for weather_data
req            INFO 	No cached data found for race_control_messages. Loading data...
_api           INFO 	Fetching race control messages...
req            INFO 	Data has been written to cache!
core           INFO 	Finished loading data for 20 drivers: ['55', '4', '16', '44', '63', '1', '20', '81', '27', '10', '18', '43', '31', '77', '24', '30', '11', '14', '23', '22']
core           INFO 	Loading data for São Paulo Grand Prix - Race [v3.8.3]
req            INFO 	Using cached data for session_info
req            INFO 	Using cached data for driver_info
req            INFO 	Using cached data for session_status_data
req            INFO 	Using cached data for lap_count
req            INFO 	Using cached data for track_status_data
req            INFO 	Using cached data for _extended_timing_data
req            INFO 	Using cached data for timing_app_data
core           INFO 	Processing timing data...
core        WARNING 	Failed to perform lap accuracy check - all laps marked as inaccurate (driver 23)
core        WARNING 	Failed to perform lap accuracy check - all laps marked as inaccurate (driver 18)
req            INFO 	Using cached data for car_data
req            INFO 	Using cached data for position_data
req            INFO 	Using cached data for weather_data
req            INFO 	No cached data found for race_control_messages. Loading data...
_api           INFO 	Fetching race control messages...
req            INFO 	Data has been written to cache!
core           INFO 	Finished loading data for 20 drivers: ['1', '31', '10', '63', '16', '4', '22', '81', '30', '44', '11', '50', '77', '14', '24', '55', '43', '23', '18', '27']
core           INFO 	Loading data for Las Vegas Grand Prix - Race [v3.8.3]
req            INFO 	Using cached data for session_info
req            INFO 	Using cached data for driver_info
req            INFO 	Using cached data for session_status_data
req            INFO 	Using cached data for lap_count
req            INFO 	Using cached data for track_status_data
req            INFO 	Using cached data for _extended_timing_data
req            INFO 	Using cached data for timing_app_data
core           INFO 	Processing timing data...
core        WARNING 	Driver 63: Lap timing integrity check failed for 2 lap(s)
core        WARNING 	Driver 44: Lap timing integrity check failed for 1 lap(s)
core        WARNING 	Driver 55: Lap timing integrity check failed for 1 lap(s)
core        WARNING 	Driver 16: Lap timing integrity check failed for 2 lap(s)
core        WARNING 	Driver  1: Lap timing integrity check failed for 1 lap(s)
core        WARNING 	Driver  4: Lap timing integrity check failed for 1 lap(s)
core        WARNING 	Driver 81: Lap timing integrity check failed for 1 lap(s)
core        WARNING 	Driver 30: Lap timing integrity check failed for 2 lap(s)
core        WARNING 	Driver 77: Lap timing integrity check failed for 2 lap(s)
core        WARNING 	Driver 63 completed the race distance 00:00.427000 before the recorded end of the session.
req            INFO 	Using cached data for car_data
req            INFO 	Using cached data for position_data
req            INFO 	Using cached data for weather_data
req            INFO 	No cached data found for race_control_messages. Loading data...
_api           INFO 	Fetching race control messages...
req            INFO 	Data has been written to cache!
core           INFO 	Finished loading data for 20 drivers: ['63', '44', '55', '16', '1', '4', '81', '27', '22', '11', '14', '20', '24', '43', '18', '30', '31', '77', '23', '10']
events      WARNING 	Correcting user input 'Qatar Grand Prix' to 'Qatar Grand Prix'
core           INFO 	Loading data for Qatar Grand Prix - Race [v3.8.3]
req            INFO 	Using cached data for session_info
req            INFO 	Using cached data for driver_info
req            INFO 	Using cached data for session_status_data
req            INFO 	Using cached data for lap_count
req            INFO 	Using cached data for track_status_data
req            INFO 	Using cached data for _extended_timing_data
req            INFO 	Using cached data for timing_app_data
core           INFO 	Processing timing data...
core        WARNING 	Fixed incorrect tyre stint information for driver '43'
core        WARNING 	Fixed incorrect tyre stint information for driver '31'
req            INFO 	Using cached data for car_data
req            INFO 	Using cached data for position_data
req            INFO 	Using cached data for weather_data
req            INFO 	No cached data found for race_control_messages. Loading data...
_api           INFO 	Fetching race control messages...
req            INFO 	Data has been written to cache!
core           INFO 	Finished loading data for 20 drivers: ['1', '16', '81', '63', '10', '55', '14', '24', '20', '4', '77', '44', '22', '30', '23', '27', '11', '18', '43', '31']
core           INFO 	Loading data for Abu Dhabi Grand Prix - Race [v3.8.3]
req            INFO 	Using cached data for session_info
req            INFO 	Using cached data for driver_info
req            INFO 	Using cached data for session_status_data
req            INFO 	Using cached data for lap_count
req            INFO 	Using cached data for track_status_data
req            INFO 	Using cached data for _extended_timing_data
req            INFO 	Using cached data for timing_app_data
core           INFO 	Processing timing data...
req            INFO 	Using cached data for car_data
req            INFO 	Using cached data for position_data
req            INFO 	Using cached data for weather_data
req            INFO 	No cached data found for race_control_messages. Loading data...
_api           INFO 	Fetching race control messages...
req            INFO 	Data has been written to cache!
core           INFO 	Finished loading data for 20 drivers: ['4', '55', '16', '44', '63', '1', '10', '27', '14', '81', '23', '22', '24', '18', '61', '20', '30', '77', '43', '11']
INFO: 24 carreras a procesar en 2024 (overwrite=True)

INFO: --- Ingesta Bahrain Grand Prix 2024 · sesión R ---
SUCCESS: vueltas -> data/raw/2024\bahrain_grand_prix\R_laps.parquet (1129 filas)
INFO: Extrayendo telemetría vuelta por vuelta...
SUCCESS: telemetría -> data/raw/2024\bahrain_grand_prix\R_telemetry.parquet (840934 filas)
SUCCESS: eventos -> data/raw/2024\bahrain_grand_prix\R_events.parquet (69 mensajes, 37 banderas)

INFO: --- Ingesta Saudi Arabian Grand Prix 2024 · sesión R ---
SUCCESS: vueltas -> data/raw/2024\saudi_arabian_grand_prix\R_laps.parquet (901 filas)
INFO: Extrayendo telemetría vuelta por vuelta...
SUCCESS: telemetría -> data/raw/2024\saudi_arabian_grand_prix\R_telemetry.parquet (682437 filas)
SUCCESS: eventos -> data/raw/2024\saudi_arabian_grand_prix\R_events.parquet (66 mensajes, 18 banderas)

INFO: --- Ingesta Australian Grand Prix 2024 · sesión R ---
SUCCESS: vueltas -> data/raw/2024\australian_grand_prix\R_laps.parquet (998 filas)
INFO: Extrayendo telemetría vuelta por vuelta...
SUCCESS: telemetría -> data/raw/2024\australian_grand_prix\R_telemetry.parquet (644120 filas)
SUCCESS: eventos -> data/raw/2024\australian_grand_prix\R_events.parquet (82 mensajes, 60 banderas)

INFO: --- Ingesta Japanese Grand Prix 2024 · sesión R ---
SUCCESS: vueltas -> data/raw/2024\japanese_grand_prix\R_laps.parquet (907 filas)
INFO: Extrayendo telemetría vuelta por vuelta...
SUCCESS: telemetría -> data/raw/2024\japanese_grand_prix\R_telemetry.parquet (705089 filas)
SUCCESS: eventos -> data/raw/2024\japanese_grand_prix\R_events.parquet (66 mensajes, 36 banderas)

INFO: --- Ingesta Chinese Grand Prix 2024 · sesión R ---
SUCCESS: vueltas -> data/raw/2024\chinese_grand_prix\R_laps.parquet (1032 filas)
INFO: Extrayendo telemetría vuelta por vuelta...
SUCCESS: telemetría -> data/raw/2024\chinese_grand_prix\R_telemetry.parquet (862980 filas)
SUCCESS: eventos -> data/raw/2024\chinese_grand_prix\R_events.parquet (56 mensajes, 17 banderas)

INFO: --- Ingesta Miami Grand Prix 2024 · sesión R ---
SUCCESS: vueltas -> data/raw/2024\miami_grand_prix\R_laps.parquet (1111 filas)
INFO: Extrayendo telemetría vuelta por vuelta...
SUCCESS: telemetría -> data/raw/2024\miami_grand_prix\R_telemetry.parquet (815736 filas)
SUCCESS: eventos -> data/raw/2024\miami_grand_prix\R_events.parquet (75 mensajes, 16 banderas)

INFO: --- Ingesta Emilia Romagna Grand Prix 2024 · sesión R ---
SUCCESS: vueltas -> data/raw/2024\emilia_romagna_grand_prix\R_laps.parquet (1238 filas)
INFO: Extrayendo telemetría vuelta por vuelta...
SUCCESS: telemetría -> data/raw/2024\emilia_romagna_grand_prix\R_telemetry.parquet (782107 filas)
SUCCESS: eventos -> data/raw/2024\emilia_romagna_grand_prix\R_events.parquet (98 mensajes, 78 banderas)

INFO: --- Ingesta Monaco Grand Prix 2024 · sesión R ---
SUCCESS: vueltas -> data/raw/2024\monaco_grand_prix\R_laps.parquet (1237 filas)
INFO: Extrayendo telemetría vuelta por vuelta...
SUCCESS: telemetría -> data/raw/2024\monaco_grand_prix\R_telemetry.parquet (1129943 filas)
SUCCESS: eventos -> data/raw/2024\monaco_grand_prix\R_events.parquet (118 mensajes, 97 banderas)

INFO: --- Ingesta Canadian Grand Prix 2024 · sesión R ---
SUCCESS: vueltas -> data/raw/2024\canadian_grand_prix\R_laps.parquet (1272 filas)
INFO: Extrayendo telemetría vuelta por vuelta...
SUCCESS: telemetría -> data/raw/2024\canadian_grand_prix\R_telemetry.parquet (886627 filas)
SUCCESS: eventos -> data/raw/2024\canadian_grand_prix\R_events.parquet (128 mensajes, 54 banderas)

INFO: --- Ingesta Spanish Grand Prix 2024 · sesión R ---
SUCCESS: vueltas -> data/raw/2024\spanish_grand_prix\R_laps.parquet (1310 filas)
INFO: Extrayendo telemetría vuelta por vuelta...
SUCCESS: telemetría -> data/raw/2024\spanish_grand_prix\R_telemetry.parquet (812337 filas)
SUCCESS: eventos -> data/raw/2024\spanish_grand_prix\R_events.parquet (105 mensajes, 65 banderas)

INFO: --- Ingesta Austrian Grand Prix 2024 · sesión R ---
SUCCESS: vueltas -> data/raw/2024\austrian_grand_prix\R_laps.parquet (1405 filas)
INFO: Extrayendo telemetría vuelta por vuelta...
SUCCESS: telemetría -> data/raw/2024\austrian_grand_prix\R_telemetry.parquet (770812 filas)
SUCCESS: eventos -> data/raw/2024\austrian_grand_prix\R_events.parquet (124 mensajes, 69 banderas)

INFO: --- Ingesta British Grand Prix 2024 · sesión R ---
ALERTA: british_grand_prix 2024 sin vueltas para ['GAS']
SUCCESS: vueltas -> data/raw/2024\british_grand_prix\R_laps.parquet (960 filas)
INFO: Extrayendo telemetría vuelta por vuelta...
SUCCESS: telemetría -> data/raw/2024\british_grand_prix\R_telemetry.parquet (711698 filas)
SUCCESS: eventos -> data/raw/2024\british_grand_prix\R_events.parquet (108 mensajes, 72 banderas)

INFO: --- Ingesta Hungarian Grand Prix 2024 · sesión R ---
SUCCESS: vueltas -> data/raw/2024\hungarian_grand_prix\R_laps.parquet (1355 filas)
INFO: Extrayendo telemetría vuelta por vuelta...
SUCCESS: telemetría -> data/raw/2024\hungarian_grand_prix\R_telemetry.parquet (877727 filas)
SUCCESS: eventos -> data/raw/2024\hungarian_grand_prix\R_events.parquet (75 mensajes, 57 banderas)

INFO: --- Ingesta Belgian Grand Prix 2024 · sesión R ---
SUCCESS: vueltas -> data/raw/2024\belgian_grand_prix\R_laps.parquet (841 filas)
INFO: Extrayendo telemetría vuelta por vuelta...
SUCCESS: telemetría -> data/raw/2024\belgian_grand_prix\R_telemetry.parquet (703858 filas)
SUCCESS: eventos -> data/raw/2024\belgian_grand_prix\R_events.parquet (21 mensajes, 5 banderas)

INFO: --- Ingesta Dutch Grand Prix 2024 · sesión R ---
SUCCESS: vueltas -> data/raw/2024\dutch_grand_prix\R_laps.parquet (1426 filas)
INFO: Extrayendo telemetría vuelta por vuelta...
SUCCESS: telemetría -> data/raw/2024\dutch_grand_prix\R_telemetry.parquet (835875 filas)
SUCCESS: eventos -> data/raw/2024\dutch_grand_prix\R_events.parquet (82 mensajes, 67 banderas)

INFO: --- Ingesta Italian Grand Prix 2024 · sesión R ---
SUCCESS: vueltas -> data/raw/2024\italian_grand_prix\R_laps.parquet (1008 filas)
INFO: Extrayendo telemetría vuelta por vuelta...
SUCCESS: telemetría -> data/raw/2024\italian_grand_prix\R_telemetry.parquet (658254 filas)
SUCCESS: eventos -> data/raw/2024\italian_grand_prix\R_events.parquet (59 mensajes, 29 banderas)

INFO: --- Ingesta Azerbaijan Grand Prix 2024 · sesión R ---
SUCCESS: vueltas -> data/raw/2024\azerbaijan_grand_prix\R_laps.parquet (973 filas)
INFO: Extrayendo telemetría vuelta por vuelta...
SUCCESS: telemetría -> data/raw/2024\azerbaijan_grand_prix\R_telemetry.parquet (821738 filas)
SUCCESS: eventos -> data/raw/2024\azerbaijan_grand_prix\R_events.parquet (115 mensajes, 76 banderas)

INFO: --- Ingesta Singapore Grand Prix 2024 · sesión R ---
SUCCESS: vueltas -> data/raw/2024\singapore_grand_prix\R_laps.parquet (1177 filas)
INFO: Extrayendo telemetría vuelta por vuelta...
SUCCESS: telemetría -> data/raw/2024\singapore_grand_prix\R_telemetry.parquet (893667 filas)
SUCCESS: eventos -> data/raw/2024\singapore_grand_prix\R_events.parquet (61 mensajes, 35 banderas)

INFO: --- Ingesta United States Grand Prix 2024 · sesión R ---
SUCCESS: vueltas -> data/raw/2024\united_states_grand_prix\R_laps.parquet (1059 filas)
INFO: Extrayendo telemetría vuelta por vuelta...
SUCCESS: telemetría -> data/raw/2024\united_states_grand_prix\R_telemetry.parquet (839380 filas)
SUCCESS: eventos -> data/raw/2024\united_states_grand_prix\R_events.parquet (119 mensajes, 42 banderas)

INFO: --- Ingesta Mexico City Grand Prix 2024 · sesión R ---
SUCCESS: vueltas -> data/raw/2024\mexico_city_grand_prix\R_laps.parquet (1215 filas)
INFO: Extrayendo telemetría vuelta por vuelta...
SUCCESS: telemetría -> data/raw/2024\mexico_city_grand_prix\R_telemetry.parquet (802697 filas)
SUCCESS: eventos -> data/raw/2024\mexico_city_grand_prix\R_events.parquet (119 mensajes, 72 banderas)

INFO: --- Ingesta São Paulo Grand Prix 2024 · sesión R ---
ALERTA: são_paulo_grand_prix 2024 sin vueltas para ['ALB', 'STR']
SUCCESS: vueltas -> data/raw/2024\são_paulo_grand_prix\R_laps.parquet (1134 filas)
INFO: Extrayendo telemetría vuelta por vuelta...
SUCCESS: telemetría -> data/raw/2024\são_paulo_grand_prix\R_telemetry.parquet (800426 filas)
SUCCESS: eventos -> data/raw/2024\são_paulo_grand_prix\R_events.parquet (107 mensajes, 43 banderas)

INFO: --- Ingesta Las Vegas Grand Prix 2024 · sesión R ---
SUCCESS: vueltas -> data/raw/2024\las_vegas_grand_prix\R_laps.parquet (938 filas)
INFO: Extrayendo telemetría vuelta por vuelta...
SUCCESS: telemetría -> data/raw/2024\las_vegas_grand_prix\R_telemetry.parquet (712419 filas)
SUCCESS: eventos -> data/raw/2024\las_vegas_grand_prix\R_events.parquet (35 mensajes, 10 banderas)

INFO: --- Ingesta Qatar Grand Prix 2024 · sesión R ---
SUCCESS: vueltas -> data/raw/2024\qatar_grand_prix\R_laps.parquet (943 filas)
INFO: Extrayendo telemetría vuelta por vuelta...
SUCCESS: telemetría -> data/raw/2024\qatar_grand_prix\R_telemetry.parquet (697398 filas)
SUCCESS: eventos -> data/raw/2024\qatar_grand_prix\R_events.parquet (113 mensajes, 30 banderas)

INFO: --- Ingesta Abu Dhabi Grand Prix 2024 · sesión R ---
SUCCESS: vueltas -> data/raw/2024\abu_dhabi_grand_prix\R_laps.parquet (1035 filas)
INFO: Extrayendo telemetría vuelta por vuelta...
SUCCESS: telemetría -> data/raw/2024\abu_dhabi_grand_prix\R_telemetry.parquet (719725 filas)
SUCCESS: eventos -> data/raw/2024\abu_dhabi_grand_prix\R_events.parquet (130 mensajes, 63 banderas)
